=~=~=~=~=~=~=~=~=~=~=~= PuTTY log 2017.09.06 05:30:13 =~=~=~=~=~=~=~=~=~=~=~=
login as: muhammad.zao ini71
muhammad.zaini71@kawung.cs.ui.ac.id's password: 
Linux kawung 3.2.0-4-amd64 #1 SMP Debian 3.2.89-2 x86_64

The programs included with the Debian GNU/Linux system are free software;
the exact distribution terms for each program are described in the
individual files in /usr/share/doc/*/copyright.

Debian GNU/Linux comes with ABSOLUTELY NO WARRANTY, to the extent
permitted by applicable law.
Last login: Tue Sep  5 13:36:11 2017 from 103.76.15.122

muhammad.zaini71@kawung:~$ s[Kssh muhammad.zaini71@badak.cs.ui.ac.id
muhammad.zaini71@badak.cs.ui.ac.id's password: 
Linux badak 3.16.0-4-amd64 #1 SMP Debian 3.16.43-2+deb8u3 (2017-08-15) x86_64

The programs included with the Debian GNU/Linux system are free software;
the exact distribution terms for each program are described in the
individual files in /usr/share/doc/*/copyright.

Debian GNU/Linux comes with ABSOLUTELY NO WARRANTY, to the extent
permitted by applicable law.
Last login: Tue Sep  5 14:09:11 2017 from kawung.cs.ui.ac.id

muhammad.zaini71@badak:~$ ls -al
total 20
drwx--x--x  4 muhammad.zaini71 StafCS 4096 Sep  5 14:53 .
drwxr-xr-x 56 root             root   4096 Sep  2 20:09 ..
drwxr-xr-x  2 muhammad.zaini71 StafCS 4096 Sep  5 14:53 .nano
drwxr-xr-x 18 muhammad.zaini71 StafCS 4096 Sep  5 14:59 OS172
-rw-------  1 muhammad.zaini71 StafCS  664 Sep  5 14:52 .viminfo
muhammad.zaini71@badak:~$ whe=[K[K[K[Kvi whyStudyOS.txt
[?1049h[?1h=[2;1Hâ–½[6n[2;1H  [1;1H[1;24r[?12;25h[?12l[?25h[27m[23m[m[H[2J[?25l[24;1H"whyStudyOS.txt" [New File][>c[2;1H[1m[34m~                                                                               [3;1H~                                                                               [4;1H~                                                                               [5;1H~                                                                               [6;1H~                                                                               [7;1H~                                                                               [8;1H~                                                                               [9;1H~                                                                               [10;1H~                                                                               [11;1H~                                                                               [12;1H~                                                                               [13;1H~                                                                               [14;1H~                                                                               [15;1H~                                                                               [16;1H~                                                                               [17;1H~                                                                               [18;1H~                                                                               [19;1H~                                                                               [20;1H~                                                                               [21;1H~                                                                               [22;1H~                                                                               [23;1H~                                                                               [m[24;63H0,0-1[9CAll[1;1H[?12l[?25h[?25l[24;1H[1m-- INSERT --[m[24;13H[K[24;63H0,1[11CAll[1;1H[?12l[?25h[?25l#[24;63H1,2[1;2H[?12l[?25h[?25lm[24;65H3[1;3H[?12l[?25h[?25lu[24;65H4[1;4H[?12l[?25h[?25lh[24;65H5[1;5H[?12l[?25h[?25la[24;65H6[1;6H[?12l[?25h[?25lm[24;65H7[1;7H[?12l[?25h[?25lm[24;65H8[1;8H[?12l[?25h[?25la[24;65H9[1;9H[?12l[?25h[?25ld[24;65H10[1;10H[?12l[?25h[?25l.[24;66H1[1;11H[?12l[?25h[?25lz[24;66H2[1;12H[?12l[?25h[?25la[24;66H3[1;13H[?12l[?25h[?25li[24;66H4[1;14H[?12l[?25h[?25ln[24;66H5[1;15H[?12l[?25h[?25li[24;66H6[1;16H[?12l[?25h[?25l[1;15H[K[24;66H5[1;15H[?12l[?25h[?25l[1;14H[K[24;66H4[1;14H[?12l[?25h[?25l[1;13H[K[24;66H3[1;13H[?12l[?25h[?25l[1;12H[K[24;66H2[1;12H[?12l[?25h[?25l[1;11H[K[24;66H1[1;11H[?12l[?25h[?25l[1;10H[K[24;66H0[1;10H[?12l[?25h[?25l[1;9H[K[24;65H9 [1;9H[?12l[?25h[?25ld[24;65H10[1;10H[?12l[?25h[?25lz[24;66H1[1;11H[?12l[?25h[?25la[24;66H2[1;12H[?12l[?25h[?25li[24;66H3[1;13H[?12l[?25h[?25ln[24;66H4[1;14H[?12l[?25h[?25li[24;66H5[1;15H[?12l[?25h[?25l8[24;66H6[1;16H[?12l[?25h[?25l9[24;66H7[1;17H[?12l[?25h[24;1H[K[1;16H[?25l[24;63H1,16[10CAll[1;16H[?12l[?25h[?25l[24;63H[K[24;1H:[?12l[?25hw[?25l[?12l[?25hq[?25l[?12l[?25h
[?25l"whyStudyOS.txt" [New] 1L, 17C written


[?1l>[?12l[?25h[?1049lmuhammad.zaini71@badak:~$ git add[Kd .
fatal: Not a git repository (or any parent up to mount point /home)
Stopping at filesystem boundary (GIT_DISCOVERY_ACROSS_FILESYSTEM not set).
muhammad.zaini71@badak:~$ git clone https://github.com/muhammadzaini89/OS172.git 
[A[C[C[C[C[C[C[C[C[C[C[C[C[C[C[C[C[C[C[C[C[C[C[C[C[C[C[C[C[C[C[C[C[C[C[C[C[C[C[C[C[C[C[C[C[C[C[C[C[C[C[C[C[C[C[C[C[C[C[C[C[C[C[C[C[C[C[C[C[C[C[C[C[C[C[C[C[C[C[C[Kt
fatal: destination path 'OS172' already exists and is not an empty directory.
muhammad.zaini71@badak:~$ git clone https://github.com/muhammadzaini89/OS172.git 
[A[C[C[C[C[C[C[C[C[C[C[C[C[C[C[C[C[C[C[C[C[C[C[C[C[C[C[C[C[C[Cadd .[K

[K[A[C[C[C[C[C[C[C[C[C[C[C[C[C[C[C[C[C[C[C[C[C[C[C[C[C[C[C[C[C[C[C[C[C[C[Cclone https://github.com/muhammadzaini89/OS172.git 
[A[C[C[C[C[C[C[C[C[C[C[C[C[C[C[C[C[C[C[C[C[C[C[C[C[C[C[C[C[C[C[C[C[C[C[C[C[C[C[C[C[C[C[C[C[C[C[C[C[C[C[C[C[C[C[C[C[C[C[C[C[C[C[C[C[C[C[C[C[C[C[C[C[C[C[C[C[C[C[C[Kt
fatal: destination path 'OS172' already exists and is not an empty directory.
muhammad.zaini71@badak:~$ mv whyStudyOS.txt week01
muhammad.zaini71@badak:~$ cd aweekp[K[K[K[K[K[Kweek01
-bash: cd: week01: Not a directory
muhammad.zaini71@badak:~$ ls-[K -al
total 28
drwx--x--x  4 muhammad.zaini71 StafCS 4096 Sep  5 15:46 .
drwxr-xr-x 56 root             root   4096 Sep  2 20:09 ..
-rw-------  1 muhammad.zaini71 StafCS  999 Sep  5 15:32 .bash_history
drwxr-xr-x  2 muhammad.zaini71 StafCS 4096 Sep  5 14:53 .nano
drwxr-xr-x 18 muhammad.zaini71 StafCS 4096 Sep  5 14:59 OS172
-rw-------  1 muhammad.zaini71 StafCS  810 Sep  5 15:43 .viminfo
-rw-r--r--  1 muhammad.zaini71 StafCS   17 Sep  5 15:43 week01
muhammad.zaini71@badak:~$ cd OS172
muhammad.zaini71@badak:~/OS172$ cd week01
muhammad.zaini71@badak:~/OS172/week01$ git add .
muhammad.zaini71@badak:~/OS172/week01$ git statusu[K
On branch master
Your branch is up-to-date with 'origin/master'.
Changes to be committed:
  (use "git reset HEAD <file>..." to unstage)

	[32mnew file:   ../sandbox/cobabelajarOS[m
	[32mnew file:   lab01.txt[m

Changes not staged for commit:
  (use "git add/rm <file>..." to update what will be committed)
  (use "git checkout -- <file>..." to discard changes in working directory)

	[31mdeleted:    ../week00/dummy[m

Untracked files:
  (use "git add <file>..." to include in what will be committed)

	[31m../week00/report2.txt[m
	[31m../week00/reports.txt[m

muhammad.zaini71@badak:~/OS172/week01$ cd /
muhammad.zaini71@badak:/$ a[Kls -al
total 96
drwxr-xr-x  23 root      root    4096 Aug 27 15:04 .
drwxr-xr-x  23 root      root    4096 Aug 27 15:04 ..
drwxrwxr-x   2 root      root    4096 Jun 22 08:05 bin
drwxr-xr-x   3 root      root    4096 Aug 27 16:35 boot
drwxr-xr-x  18 root      root    3080 Sep  5 09:10 dev
drwxr-xr-x 117 root      root   12288 Sep  4 19:15 etc
lrwxrwxrwx   1 root      root      12 Aug 27 15:04 extra -> /home/extra/
drwxr-xr-x  11 root      root    4096 Aug 27 15:04 home
drwxr-xr-x   3 root      root    4096 Aug  2  2016 home.old
lrwxrwxrwx   1 root      root      31 Aug  2  2016 initrd.img -> /boot/initrd.img-3.16.0-4-amd64
drwxr-xr-x  15 root      root    4096 Jun 22 07:06 lib
drwxr-xr-x   2 root      root    4096 Jun 22 08:04 lib64
drwx------   2 root      root   16384 Aug  2  2016 lost+found
drwxr-xr-x   3 root      root    4096 Aug  2  2016 media
drwxr-xr-x   2 root      root    4096 Aug  2  2016 mnt
drwxr-xr-x   2 root      root    4096 Aug  2  2016 opt
dr-xr-xr-x 158 root      root       0 Sep  5 04:30 proc
drwx--x--x  15 rifka.nur StafCS  4096 Sep  4 19:16 root
drwxr-xr-x  16 root      root     520 Sep  5 15:48 run
drwxr-xr-x   2 root      root    4096 Aug 25 23:22 sbin
drwxr-xr-x   2 root      root    4096 Aug  2  2016 srv
dr-xr-xr-x  13 root      root       0 Sep  5 04:30 sys
drwxrwxrwt   7 root      root    4096 Sep  5 15:47 tmp
drwxr-xr-x  12 root      root    4096 Jun 22 07:52 usr
drwxr-xr-x  11 root      root    4096 Aug  2  2016 var
lrwxrwxrwx   1 root      root      27 Aug  2  2016 vmlinuz -> boot/vmlinuz-3.16.0-4-amd64
muhammad.zaini71@badak:/$ ls -al[2Pcd /ls -al
total 96
drwxr-xr-x  23 root      root    4096 Aug 27 15:04 .
drwxr-xr-x  23 root      root    4096 Aug 27 15:04 ..
drwxrwxr-x   2 root      root    4096 Jun 22 08:05 bin
drwxr-xr-x   3 root      root    4096 Aug 27 16:35 boot
drwxr-xr-x  18 root      root    3080 Sep  5 09:10 dev
drwxr-xr-x 117 root      root   12288 Sep  4 19:15 etc
lrwxrwxrwx   1 root      root      12 Aug 27 15:04 extra -> /home/extra/
drwxr-xr-x  11 root      root    4096 Aug 27 15:04 home
drwxr-xr-x   3 root      root    4096 Aug  2  2016 home.old
lrwxrwxrwx   1 root      root      31 Aug  2  2016 initrd.img -> /boot/initrd.img-3.16.0-4-amd64
drwxr-xr-x  15 root      root    4096 Jun 22 07:06 lib
drwxr-xr-x   2 root      root    4096 Jun 22 08:04 lib64
drwx------   2 root      root   16384 Aug  2  2016 lost+found
drwxr-xr-x   3 root      root    4096 Aug  2  2016 media
drwxr-xr-x   2 root      root    4096 Aug  2  2016 mnt
drwxr-xr-x   2 root      root    4096 Aug  2  2016 opt
dr-xr-xr-x 158 root      root       0 Sep  5 04:30 proc
drwx--x--x  15 rifka.nur StafCS  4096 Sep  4 19:16 root
drwxr-xr-x  16 root      root     520 Sep  5 15:48 run
drwxr-xr-x   2 root      root    4096 Aug 25 23:22 sbin
drwxr-xr-x   2 root      root    4096 Aug  2  2016 srv
dr-xr-xr-x  13 root      root       0 Sep  5 15:49 sys
drwxrwxrwt   7 root      root    4096 Sep  5 15:47 tmp
drwxr-xr-x  12 root      root    4096 Jun 22 07:52 usr
drwxr-xr-x  11 root      root    4096 Aug  2  2016 var
lrwxrwxrwx   1 root      root      27 Aug  2  2016 vmlinuz -> boot/vmlinuz-3.16.0-4-amd64
muhammad.zaini71@badak:/$ ls -al
total 96
drwxr-xr-x  23 root      root    4096 Aug 27 15:04 .
drwxr-xr-x  23 root      root    4096 Aug 27 15:04 ..
drwxrwxr-x   2 root      root    4096 Jun 22 08:05 bin
drwxr-xr-x   3 root      root    4096 Aug 27 16:35 boot
drwxr-xr-x  18 root      root    3080 Sep  5 09:10 dev
drwxr-xr-x 117 root      root   12288 Sep  4 19:15 etc
lrwxrwxrwx   1 root      root      12 Aug 27 15:04 extra -> /home/extra/
drwxr-xr-x  11 root      root    4096 Aug 27 15:04 home
drwxr-xr-x   3 root      root    4096 Aug  2  2016 home.old
lrwxrwxrwx   1 root      root      31 Aug  2  2016 initrd.img -> /boot/initrd.img-3.16.0-4-amd64
drwxr-xr-x  15 root      root    4096 Jun 22 07:06 lib
drwxr-xr-x   2 root      root    4096 Jun 22 08:04 lib64
drwx------   2 root      root   16384 Aug  2  2016 lost+found
drwxr-xr-x   3 root      root    4096 Aug  2  2016 media
drwxr-xr-x   2 root      root    4096 Aug  2  2016 mnt
drwxr-xr-x   2 root      root    4096 Aug  2  2016 opt
dr-xr-xr-x 158 root      root       0 Sep  5 04:30 proc
drwx--x--x  15 rifka.nur StafCS  4096 Sep  4 19:16 root
drwxr-xr-x  16 root      root     520 Sep  5 15:48 run
drwxr-xr-x   2 root      root    4096 Aug 25 23:22 sbin
drwxr-xr-x   2 root      root    4096 Aug  2  2016 srv
dr-xr-xr-x  13 root      root       0 Sep  5 15:49 sys
drwxrwxrwt   7 root      root    4096 Sep  5 15:47 tmp
drwxr-xr-x  12 root      root    4096 Jun 22 07:52 usr
drwxr-xr-x  11 root      root    4096 Aug  2  2016 var
lrwxrwxrwx   1 root      root      27 Aug  2  2016 vmlinuz -> boot/vmlinuz-3.16.0-4-amd64
muhammad.zaini71@badak:/$ ls -al
total 96
drwxr-xr-x  23 root      root    4096 Aug 27 15:04 .
drwxr-xr-x  23 root      root    4096 Aug 27 15:04 ..
drwxrwxr-x   2 root      root    4096 Jun 22 08:05 bin
drwxr-xr-x   3 root      root    4096 Aug 27 16:35 boot
drwxr-xr-x  18 root      root    3080 Sep  5 09:10 dev
drwxr-xr-x 117 root      root   12288 Sep  4 19:15 etc
lrwxrwxrwx   1 root      root      12 Aug 27 15:04 extra -> /home/extra/
drwxr-xr-x  11 root      root    4096 Aug 27 15:04 home
drwxr-xr-x   3 root      root    4096 Aug  2  2016 home.old
lrwxrwxrwx   1 root      root      31 Aug  2  2016 initrd.img -> /boot/initrd.img-3.16.0-4-amd64
drwxr-xr-x  15 root      root    4096 Jun 22 07:06 lib
drwxr-xr-x   2 root      root    4096 Jun 22 08:04 lib64
drwx------   2 root      root   16384 Aug  2  2016 lost+found
drwxr-xr-x   3 root      root    4096 Aug  2  2016 media
drwxr-xr-x   2 root      root    4096 Aug  2  2016 mnt
drwxr-xr-x   2 root      root    4096 Aug  2  2016 opt
dr-xr-xr-x 158 root      root       0 Sep  5 04:30 proc
drwx--x--x  15 rifka.nur StafCS  4096 Sep  4 19:16 root
drwxr-xr-x  16 root      root     520 Sep  5 15:48 run
drwxr-xr-x   2 root      root    4096 Aug 25 23:22 sbin
drwxr-xr-x   2 root      root    4096 Aug  2  2016 srv
dr-xr-xr-x  13 root      root       0 Sep  5 15:49 sys
drwxrwxrwt   7 root      root    4096 Sep  5 15:47 tmp
drwxr-xr-x  12 root      root    4096 Jun 22 07:52 usr
drwxr-xr-x  11 root      root    4096 Aug  2  2016 var
lrwxrwxrwx   1 root      root      27 Aug  2  2016 vmlinuz -> boot/vmlinuz-3.16.0-4-amd64
muhammad.zaini71@badak:/$ ls -al[K[K[K[K[K[Kcd week[K[K[K[KOS172
-bash: cd: OS172: No such file or directory
muhammad.zaini71@badak:/$ cd OS172
-bash: cd: OS172: No such file or directory
muhammad.zaini71@badak:/$ cd OS172[K[K[K[K[KOS172
-bash: cd: OS172: No such file or directory
muhammad.zaini71@badak:/$ cd /
muhammad.zaini71@badak:/$ a[Kls -al
total 96
drwxr-xr-x  23 root      root    4096 Aug 27 15:04 .
drwxr-xr-x  23 root      root    4096 Aug 27 15:04 ..
drwxrwxr-x   2 root      root    4096 Jun 22 08:05 bin
drwxr-xr-x   3 root      root    4096 Aug 27 16:35 boot
drwxr-xr-x  18 root      root    3080 Sep  5 09:10 dev
drwxr-xr-x 117 root      root   12288 Sep  4 19:15 etc
lrwxrwxrwx   1 root      root      12 Aug 27 15:04 extra -> /home/extra/
drwxr-xr-x  11 root      root    4096 Aug 27 15:04 home
drwxr-xr-x   3 root      root    4096 Aug  2  2016 home.old
lrwxrwxrwx   1 root      root      31 Aug  2  2016 initrd.img -> /boot/initrd.img-3.16.0-4-amd64
drwxr-xr-x  15 root      root    4096 Jun 22 07:06 lib
drwxr-xr-x   2 root      root    4096 Jun 22 08:04 lib64
drwx------   2 root      root   16384 Aug  2  2016 lost+found
drwxr-xr-x   3 root      root    4096 Aug  2  2016 media
drwxr-xr-x   2 root      root    4096 Aug  2  2016 mnt
drwxr-xr-x   2 root      root    4096 Aug  2  2016 opt
dr-xr-xr-x 159 root      root       0 Sep  5 04:30 proc
drwx--x--x  15 rifka.nur StafCS  4096 Sep  4 19:16 root
drwxr-xr-x  16 root      root     520 Sep  5 15:48 run
drwxr-xr-x   2 root      root    4096 Aug 25 23:22 sbin
drwxr-xr-x   2 root      root    4096 Aug  2  2016 srv
dr-xr-xr-x  13 root      root       0 Sep  5 15:49 sys
drwxrwxrwt   7 root      root    4096 Sep  5 15:50 tmp
drwxr-xr-x  12 root      root    4096 Jun 22 07:52 usr
drwxr-xr-x  11 root      root    4096 Aug  2  2016 var
lrwxrwxrwx   1 root      root      27 Aug  2  2016 vmlinuz -> boot/vmlinuz-3.16.0-4-amd64
muhammad.zaini71@badak:/$ 
muhammad.zaini71@badak:/$ 
muhammad.zaini71@badak:/$ cd
muhammad.zaini71@badak:~$ cd ..
muhammad.zaini71@badak:/home/fasilkom/mahasiswa/m$ cd[K[Kls -al
total 224
drwxr-xr-x 56 root                  root   4096 Sep  2 20:09 .
drwxr-xr-x 26 root                  root   4096 Feb 11  2017 ..
drwx--x--x  6 mahiskia.shaumi       StafCS 4096 May 30 06:33 mahiskia.shaumi
drwx--x--x  6 maktal.sakriadhi      StafCS 4096 May 23 09:41 maktal.sakriadhi
drwx--x--x  6 maula.faiz            StafCS 4096 May 23 15:22 maula.faiz
drwx--x--x  7 mayanggita.rachmaryza StafCS 4096 May 29 22:43 mayanggita.rachmaryza
drwx--x--x  6 may.iffah             StafCS 4096 Apr 26 16:55 may.iffah
drwx--x--x  2 mega.mutiara          StafCS 4096 Aug 31 16:25 mega.mutiara
drwx--x--x  2 mochamad.aulia        StafCS 4096 Sep  1 20:01 mochamad.aulia
drwx--x--x  5 mohamad.iqbal51       StafCS 4096 Mar  4  2017 mohamad.iqbal51
drwx--x--x  6 mohammad.izzat        StafCS 4096 May 23 10:58 mohammad.izzat
drwx--x--x  8 m.rizky41             StafCS 4096 Dec 29  2016 m.rizky41
drwx--x--x  3 muhamad.andhar        StafCS 4096 Sep  1 14:29 muhamad.andhar
drwx--x--x  3 muhamad.arif61        StafCS 4096 Sep  5 15:12 muhamad.arif61
drwx--x--x  4 muhamad.ibnu71        StafCS 4096 Sep  4 10:49 muhamad.ibnu71
drwx--x--x  5 muhammad51            StafCS 4096 Apr 14 20:12 muhammad51
drwx--x--x  6 muhammad.abrar        StafCS 4096 Apr 22 14:47 muhammad.abrar
drwx--x--x  6 muhammad.akbar53      StafCS 4096 Apr 22 12:14 muhammad.akbar53
drwx--x--x  6 muhammad.akhdan       StafCS 4096 Apr 22 11:19 muhammad.akhdan
drwx--x--x  5 muhammad.alvin52      StafCS 4096 May 23 06:28 muhammad.alvin52
drwx--x--x  4 muhammad.ashlah       StafCS 4096 Sep  4 17:35 muhammad.ashlah
drwx--x--x  5 muhammad.aufa52       StafCS 4096 Apr 22 14:38 muhammad.aufa52
drwx--x--x  5 muhammad.ayaz         StafCS 4096 Apr 21 22:40 muhammad.ayaz
drwx--x--x  7 muhammad.azmi41       StafCS 4096 May 28 16:41 muhammad.azmi41
drwx--x--x  4 muhammad.azri51       StafCS 4096 Sep  5 01:30 muhammad.azri51
drwx--x--x  6 muhammad.fadhillah    StafCS 4096 Apr 29 19:38 muhammad.fadhillah
drwx--x--x  6 maya20                StafCS 4096 May 23 08:57 muhammad.faisal52
drwx--x--x  6 muhammad.faiz52       StafCS 4096 Apr 22 12:12 muhammad.faiz52
drwx--x--x  2 muhammad.fajar72      StafCS 4096 Sep  2 10:01 muhammad.fajar72
drwx--x--x  4 muhammad.fakhrillah   StafCS 4096 Sep  4 15:02 muhammad.fakhrillah
drwx--x--x  5 muhammad.farhan513    StafCS 4096 May 23 18:53 muhammad.farhan513
drwx--x--x  5 muhammad.farhan55     StafCS 4096 Apr 22 12:17 muhammad.farhan55
drwx--x--x  7 muhammad.farrel       StafCS 4096 Nov 14  2016 muhammad.farrel
drwx--x--x  7 muhammad.fathin41     StafCS 4096 Jan  1  2017 muhammad.fathin41
drwx--x--x  3 muhammad.fauzan54     StafCS 4096 Sep  4 13:23 muhammad.fauzan54
drwx--x--x 11 muhammad.hazman       StafCS 4096 May  2 16:02 muhammad.hazman
drwx--x--x  3 muhammad.iqbal018     StafCS 4096 Sep 27  2016 muhammad.iqbal018
drwx--x--x  5 muhammad.iqbal618     StafCS 4096 Nov  6  2016 muhammad.iqbal618
drwx--x--x  6 muhammad.irfan44      StafCS 4096 May 30 09:09 muhammad.irfan44
drwx--x--x  8 muhammad.izzan41      StafCS 4096 Dec 10  2016 muhammad.izzan41
drwx--x--x  6 muhammad.izzuddin51   StafCS 4096 Apr 21 19:54 muhammad.izzuddin51
drwx--x--x  5 muhammad.kamal        StafCS 4096 Apr 22 09:05 muhammad.kamal
drwx--x--x  7 muhammad.mishbah61    StafCS 4096 Nov 10  2016 muhammad.mishbah61
drwx--x--x  5 muhammad.nuim         StafCS 4096 Nov  1  2016 muhammad.nuim
drwx--x--x  7 muhammad.rafi51       StafCS 4096 May 29 14:16 muhammad.rafi51
drwx--x--x 10 muhammad.raihan41     StafCS 4096 Dec 21  2016 muhammad.raihan41
drwx--x--x  6 muhammad.ramadhan51   StafCS 4096 Apr 21 20:37 muhammad.ramadhan51
drwx--x--x  6 muhammad.riman        StafCS 4096 Apr 22 15:15 muhammad.riman
drwx--x--x  6 muhammad.risyad52     StafCS 4096 Apr 28 16:13 muhammad.risyad52
drwx--x--x  6 muhammad.rizal51      StafCS 4096 May 23 23:24 muhammad.rizal51
drwx--x--x  7 arya100               StafCS 4096 May 30 07:23 muhammad.umar52
drwx--x--x  3 muhammad.wildan64     StafCS 4096 Sep  2 18:24 muhammad.wildan64
drwx--x--x  4 muhammad.zaini71      StafCS 4096 Sep  5 15:46 muhammad.zaini71
drwx--x--x  2 muhammad.zidane       StafCS 4096 Aug 30 07:54 muhammad.zidane
drwx--x--x  6 munadia.rahma         StafCS 4096 Apr 22 08:32 munadia.rahma
drwx--x--x 15 muthia.nabila         StafCS 4096 Apr 20 20:34 muthia.nabila
muhammad.zaini71@badak:/home/fasilkom/mahasiswa/m$ cd. [K[K muhammad.zaini71
muhammad.zaini71@badak:~$ ls -al
total 28
drwx--x--x  4 muhammad.zaini71 StafCS 4096 Sep  5 15:46 .
drwxr-xr-x 56 root             root   4096 Sep  2 20:09 ..
-rw-------  1 muhammad.zaini71 StafCS  999 Sep  5 15:32 .bash_history
drwxr-xr-x  2 muhammad.zaini71 StafCS 4096 Sep  5 14:53 .nano
drwxr-xr-x 18 muhammad.zaini71 StafCS 4096 Sep  5 14:59 OS172
-rw-------  1 muhammad.zaini71 StafCS  810 Sep  5 15:43 .viminfo
-rw-r--r--  1 muhammad.zaini71 StafCS   17 Sep  5 15:43 week01
muhammad.zaini71@badak:~$ cd OS172
muhammad.zaini71@badak:~/OS172$ cd week01
muhammad.zaini71@badak:~/OS172/week01$ ls -al
total 12
drwxr-xr-x  2 muhammad.zaini71 StafCS 4096 Sep  5 14:59 .
drwxr-xr-x 18 muhammad.zaini71 StafCS 4096 Sep  5 14:59 ..
-rw-r--r--  1 muhammad.zaini71 StafCS    0 Sep  5 14:22 dummy
-rw-r--r--  1 muhammad.zaini71 StafCS 1314 Sep  5 15:02 lab01.txt
muhammad.zaini71@badak:~/OS172/week01$ cd ..
muhammad.zaini71@badak:~/OS172$ ls -al
total 76
drwxr-xr-x 18 muhammad.zaini71 StafCS 4096 Sep  5 14:59 .
drwx--x--x  4 muhammad.zaini71 StafCS 4096 Sep  5 15:46 ..
drwxr-xr-x  8 muhammad.zaini71 StafCS 4096 Sep  5 15:48 .git
drwxr-xr-x  2 muhammad.zaini71 StafCS 4096 Sep  5 14:25 key
drwxr-xr-x  2 muhammad.zaini71 StafCS 4096 Sep  5 14:24 log
-rw-r--r--  1 muhammad.zaini71 StafCS    7 Sep  5 14:09 README.md
drwxr-xr-x  2 muhammad.zaini71 StafCS 4096 Sep  5 14:34 sandbox
drwxr-xr-x  2 muhammad.zaini71 StafCS 4096 Sep  5 14:55 week00
drwxr-xr-x  2 muhammad.zaini71 StafCS 4096 Sep  5 14:59 week01
drwxr-xr-x  2 muhammad.zaini71 StafCS 4096 Sep  5 14:22 week02
drwxr-xr-x  2 muhammad.zaini71 StafCS 4096 Sep  5 14:22 week03
drwxr-xr-x  2 muhammad.zaini71 StafCS 4096 Sep  5 14:23 week04
drwxr-xr-x  2 muhammad.zaini71 StafCS 4096 Sep  5 14:23 week05
drwxr-xr-x  2 muhammad.zaini71 StafCS 4096 Sep  5 14:23 week06
drwxr-xr-x  2 muhammad.zaini71 StafCS 4096 Sep  5 14:23 week07
drwxr-xr-x  2 muhammad.zaini71 StafCS 4096 Sep  5 14:23 week08
drwxr-xr-x  2 muhammad.zaini71 StafCS 4096 Sep  5 14:24 week09
drwxr-xr-x  2 muhammad.zaini71 StafCS 4096 Sep  5 14:24 week10
drwxr-xr-x  2 muhammad.zaini71 StafCS 4096 Sep  5 14:25 xtra
muhammad.zaini71@badak:~/OS172$ cd week01
muhammad.zaini71@badak:~/OS172/week01$ vi why [KStudyOS.txt
[?1049h[?1h=[2;1Hâ–½[6n[2;1H  [1;1H[1;24r[?12;25h[?12l[?25h[27m[23m[m[H[2J[?25l[24;1H"whyStudyOS.txt" [New File][>c[2;1H[1m[34m~                                                                               [3;1H~                                                                               [4;1H~                                                                               [5;1H~                                                                               [6;1H~                                                                               [7;1H~                                                                               [8;1H~                                                                               [9;1H~                                                                               [10;1H~                                                                               [11;1H~                                                                               [12;1H~                                                                               [13;1H~                                                                               [14;1H~                                                                               [15;1H~                                                                               [16;1H~                                                                               [17;1H~                                                                               [18;1H~                                                                               [19;1H~                                                                               [20;1H~                                                                               [21;1H~                                                                               [22;1H~                                                                               [23;1H~                                                                               [m[24;63H0,0-1[9CAll[1;1H[?12l[?25h[?25l[24;1H[1m-- INSERT --[m[24;13H[K[24;63H0,1[11CAll[1;1H[?12l[?25h[?25l#[24;63H1,2[1;2H[?12l[?25h[?25lm[24;65H3[1;3H[?12l[?25h[?25lu[24;65H4[1;4H[?12l[?25h[?25lh[24;65H5[1;5H[?12l[?25h[?25la[24;65H6[1;6H[?12l[?25h[?25lm[24;65H7[1;7H[?12l[?25h[?25lm[24;65H8[1;8H[?12l[?25h[?25la[24;65H9[1;9H[?12l[?25h[?25ld[24;65H10[1;10H[?12l[?25h[?25lz[24;66H1[1;11H[?12l[?25h[?25la[24;66H2[1;12H[?12l[?25h[?25li[24;66H3[1;13H[?12l[?25h[?25ln[24;66H4[1;14H[?12l[?25h[?25li[24;66H5[1;15H[?12l[?25h[?25l8[24;66H6[1;16H[?12l[?25h[?25l9[24;66H7[1;17H[?12l[?25h[24;1H[K[1;16H[?25l[24;63H1,16[10CAll[1;16H[?12l[?25h[?25l[24;63H[K[24;1H:[?12l[?25hw[?25l[?12l[?25hq[?25l[?12l[?25h
[?25l"whyStudyOS.txt" [New] 1L, 17C written


[?1l>[?12l[?25h[?1049lmuhammad.zaini71@badak:~/OS172/week01$ ls -al
total 16
drwxr-xr-x  2 muhammad.zaini71 StafCS 4096 Sep  5 15:55 .
drwxr-xr-x 18 muhammad.zaini71 StafCS 4096 Sep  5 14:59 ..
-rw-r--r--  1 muhammad.zaini71 StafCS    0 Sep  5 14:22 dummy
-rw-r--r--  1 muhammad.zaini71 StafCS 1314 Sep  5 15:02 lab01.txt
-rw-r--r--  1 muhammad.zaini71 StafCS   17 Sep  5 15:55 whyStudyOS.txt
muhammad.zaini71@badak:~/OS172/week01$ git add .
muhammad.zaini71@badak:~/OS172/week01$ git status
On branch master
Your branch is up-to-date with 'origin/master'.
Changes to be committed:
  (use "git reset HEAD <file>..." to unstage)

	[32mnew file:   ../sandbox/cobabelajarOS[m
	[32mnew file:   lab01.txt[m
	[32mnew file:   whyStudyOS.txt[m

Changes not staged for commit:
  (use "git add/rm <file>..." to update what will be committed)
  (use "git checkout -- <file>..." to discard changes in working directory)

	[31mdeleted:    ../week00/dummy[m

Untracked files:
  (use "git add <file>..." to include in what will be committed)

	[31m../week00/report2.txt[m
	[31m../week00/reports.txt[m

muhammad.zaini71@badak:~/OS172/week01$ git ppu[K[Kull
Already up-to-date.
muhammad.zaini71@badak:~/OS172/week01$ git push
Username for 'https://github.com': muhammadzaini89
Password for 'https://muhammadzaini89@github.com': 
Everything up-to-date
muhammad.zaini71@badak:~/OS172/week01$ gu[Kit ppu][K[K[Kull
Already up-to-date.
muhammad.zaini71@badak:~/OS172/week01$ git status
On branch master
Your branch is up-to-date with 'origin/master'.
Changes to be committed:
  (use "git reset HEAD <file>..." to unstage)

	[32mnew file:   ../sandbox/cobabelajarOS[m
	[32mnew file:   lab01.txt[m
	[32mnew file:   whyStudyOS.txt[m

Changes not staged for commit:
  (use "git add/rm <file>..." to update what will be committed)
  (use "git checkout -- <file>..." to discard changes in working directory)

	[31mdeleted:    ../week00/dummy[m

Untracked files:
  (use "git add <file>..." to include in what will be committed)

	[31m../week00/report2.txt[m
	[31m../week00/reports.txt[m

muhammad.zaini71@badak:~/OS172/week01$ ls -ak[Kl
total 16
drwxr-xr-x  2 muhammad.zaini71 StafCS 4096 Sep  5 15:55 .
drwxr-xr-x 18 muhammad.zaini71 StafCS 4096 Sep  5 14:59 ..
-rw-r--r--  1 muhammad.zaini71 StafCS    0 Sep  5 14:22 dummy
-rw-r--r--  1 muhammad.zaini71 StafCS 1314 Sep  5 15:02 lab01.txt
-rw-r--r--  1 muhammad.zaini71 StafCS   17 Sep  5 15:55 whyStudyOS.txt
muhammad.zaini71@badak:~/OS172/week01$ git add .
muhammad.zaini71@badak:~/OS172/week01$ git status
On branch master
Your branch is up-to-date with 'origin/master'.
Changes to be committed:
  (use "git reset HEAD <file>..." to unstage)

	[32mnew file:   ../sandbox/cobabelajarOS[m
	[32mnew file:   lab01.txt[m
	[32mnew file:   whyStudyOS.txt[m

Changes not staged for commit:
  (use "git add/rm <file>..." to update what will be committed)
  (use "git checkout -- <file>..." to discard changes in working directory)

	[31mdeleted:    ../week00/dummy[m

Untracked files:
  (use "git add <file>..." to include in what will be committed)

	[31m../week00/report2.txt[m
	[31m../week00/reports.txt[m

muhammad.zaini71@badak:~/OS172/week01$ git v[K[K commit -m "buat file whyStudyOS"
[master a96f10e] buat file whyStudyOS
 Committer: MUHAMMAD ZAINI DAHLAN A - 1706106841 <muhammad.zaini71@badak.cs.ui.ac.id>
Your name and email address were configured automatically based
on your username and hostname. Please check that they are accurate.
You can suppress this message by setting them explicitly. Run the
following command and follow the instructions in your editor to edit
your configuration file:

    git config --global --edit

After doing this, you may fix the identity used for this commit with:

    git commit --amend --reset-author

 3 files changed, 23 insertions(+)
 create mode 100644 sandbox/cobabelajarOS
 create mode 100644 week01/lab01.txt
 create mode 100644 week01/whyStudyOS.txt
muhammad.zaini71@badak:~/OS172/week01$ git pull
Already up-to-date.
muhammad.zaini71@badak:~/OS172/week01$ git status
On branch master
Your branch is ahead of 'origin/master' by 1 commit.
  (use "git push" to publish your local commits)
Changes not staged for commit:
  (use "git add/rm <file>..." to update what will be committed)
  (use "git checkout -- <file>..." to discard changes in working directory)

	[31mdeleted:    ../week00/dummy[m

Untracked files:
  (use "git add <file>..." to include in what will be committed)

	[31m../week00/report2.txt[m
	[31m../week00/reports.txt[m

no changes added to commit (use "git add" and/or "git commit -a")
muhammad.zaini71@badak:~/OS172/week01$ git[K[K[Kgit pull
Already up-to-date.
muhammad.zaini71@badak:~/OS172/week01$ git push
Username for 'https://github.com': muhammadzaini89
Password for 'https://muhammadzaini89@github.com': 
Counting objects: 6, done.
Delta compression using up to 8 threads.
Compressing objects:  25% (1/4)   
Compressing objects:  50% (2/4)   
Compressing objects:  75% (3/4)   
Compressing objects: 100% (4/4)   
Compressing objects: 100% (4/4), done.
Writing objects:  16% (1/6)   
Writing objects:  33% (2/6)   
Writing objects:  50% (3/6)   
Writing objects:  66% (4/6)   
Writing objects:  83% (5/6)   
Writing objects: 100% (6/6)   
Writing objects: 100% (6/6), 782 bytes | 0 bytes/s, done.
Total 6 (delta 1), reused 0 (delta 0)
remote: Resolving deltas:   0% (0/1)   [K
remote: Resolving deltas: 100% (1/1)   [K
remote: Resolving deltas: 100% (1/1), completed with 1 local object.[K
To https://github.com/muhammadzaini89/OS172.git
   bfcac60..a96f10e  master -> master
muhammad.zaini71@badak:~/OS172/week01$ pwd
/home/fasilkom/mahasiswa/m/muhammad.zaini71/OS172/week01
muhammad.zaini71@badak:~/OS172/week01$ rm -f dummy
muhammad.zaini71@badak:~/OS172/week01$ git add .
muhammad.zaini71@badak:~/OS172/week01$ git status
On branch master
Your branch is up-to-date with 'origin/master'.
Changes to be committed:
  (use "git reset HEAD <file>..." to unstage)

	[32mdeleted:    dummy[m

Changes not staged for commit:
  (use "git add/rm <file>..." to update what will be committed)
  (use "git checkout -- <file>..." to discard changes in working directory)

	[31mdeleted:    ../week00/dummy[m

Untracked files:
  (use "git add <file>..." to include in what will be committed)

	[31m../week00/report2.txt[m
	[31m../week00/reports.txt[m

muhammad.zaini71@badak:~/OS172/week01$ git pull
remote: Counting objects: 4, done.[K
remote: Compressing objects:  25% (1/4)   [K
remote: Compressing objects:  50% (2/4)   [K
remote: Compressing objects:  75% (3/4)   [K
remote: Compressing objects: 100% (4/4)   [K
remote: Compressing objects: 100% (4/4), done.[K
remote: Total 4 (delta 2), reused 0 (delta 0), pack-reused 0[K
Unpacking objects:  25% (1/4)   
Unpacking objects:  50% (2/4)   
Unpacking objects:  75% (3/4)   
Unpacking objects: 100% (4/4)   
Unpacking objects: 100% (4/4), done.
From https://github.com/muhammadzaini89/OS172
   a96f10e..18d5a52  master     -> origin/master
Updating a96f10e..18d5a52
Fast-forward
 week01/whyStudyOS.txt | 5 [32m+++++[m
 1 file changed, 5 insertions(+)
muhammad.zaini71@badak:~/OS172/week01$ git push
Username for 'https://github.com': muhammadzaini89
Password for 'https://muhammadzaini89@github.com': 
Everything up-to-date
muhammad.zaini71@badak:~/OS172/week01$ git pull
Already up-to-date.
muhammad.zaini71@badak:~/OS172/week01$ ls -all
total 16
drwxr-xr-x  2 muhammad.zaini71 StafCS 4096 Sep  5 16:11 .
drwxr-xr-x 18 muhammad.zaini71 StafCS 4096 Sep  5 14:59 ..
-rw-r--r--  1 muhammad.zaini71 StafCS 1314 Sep  5 15:02 lab01.txt
-rw-r--r--  1 muhammad.zaini71 StafCS  145 Sep  5 16:11 whyStudyOS.txt
muhammad.zaini71@badak:~/OS172/week01$ git pull
Already up-to-date.
muhammad.zaini71@badak:~/OS172/week01$ git[K[K[Kvi repot[Krt.txt
[?1049h[?1h=[2;1Hâ–½[6n[2;1H  [1;1H[1;24r[?12;25h[?12l[?25h[27m[23m[m[H[2J[?25l[24;1H"report.txt" [New File][>c[2;1H[1m[34m~                                                                               [3;1H~                                                                               [4;1H~                                                                               [5;1H~                                                                               [6;1H~                                                                               [7;1H~                                                                               [8;1H~                                                                               [9;1H~                                                                               [10;1H~                                                                               [11;1H~                                                                               [12;1H~                                                                               [13;1H~                                                                               [14;1H~                                                                               [15;1H~                                                                               [16;1H~                                                                               [17;1H~                                                                               [18;1H~                                                                               [19;1H~                                                                               [20;1H~                                                                               [21;1H~                                                                               [22;1H~                                                                               [23;1H~                                                                               [m[24;63H0,0-1[9CAll[1;1H[?12l[?25h[?25l[24;1H[1m-- INSERT --[m[24;14H[K[24;63H0,1[11CAll[1;1H[?12l[?25h[?25lI[24;63H1,2[1;2H[?12l[?25h[?25l[24;65H3[1;3H[?12l[?25h[?25lh[24;65H4[1;4H[?12l[?25h[?25la[24;65H5[1;5H[?12l[?25h[?25lv[24;65H6[1;6H[?12l[?25h[?25le[24;65H7[1;7H[?12l[?25h[?25l[24;65H8[1;8H[?12l[?25h[?25la[24;65H9[1;9H[?12l[?25h[?25l[1;8H[K[24;65H8[1;8H[?12l[?25h[?25ll[24;65H9[1;9H[?12l[?25h[?25le[24;65H10[1;10H[?12l[?25h[?25la[24;66H1[1;11H[?12l[?25h[?25lr[24;66H2[1;12H[?12l[?25h[?25ln[24;66H3[1;13H[?12l[?25h[?25le[24;66H4[1;14H[?12l[?25h[?25lr[24;66H5[1;15H[?12l[?25h[?25l[1;14H[K[24;66H4[1;14H[?12l[?25h[?25ld[24;66H5[1;15H[?12l[?25h[?25l[24;66H6[1;16H[?12l[?25h[?25la[24;66H7[1;17H[?12l[?25h[?25lb[24;66H8[1;18H[?12l[?25h[?25lo[24;66H9[1;19H[?12l[?25h[?25lu[24;65H20[1;20H[?12l[?25h[?25lt[24;66H1[1;21H[?12l[?25h[?25l[24;66H2[1;22H[?12l[?25h[?25ls[24;66H3[1;23H[?12l[?25h[?25li[24;66H4[1;24H[?12l[?25h[?25lm[24;66H5[1;25H[?12l[?25h[?25lp[24;66H6[1;26H[?12l[?25h[?25ll[24;66H7[1;27H[?12l[?25h[?25le[24;66H8[1;28H[?12l[?25h[?25l[24;66H9[1;29H[?12l[?25h[?25ls[24;65H30[1;30H[?12l[?25h[?25lc[24;66H1[1;31H[?12l[?25h[?25lr[24;66H2[1;32H[?12l[?25h[?25li[24;66H3[1;33H[?12l[?25h[?25ln[24;66H4[1;34H[?12l[?25h[?25l=[24;66H5[1;35H[?12l[?25h[?25lp[24;66H6[1;36H[?12l[?25h[?25lt[24;66H7[1;37H[?12l[?25h[?25l[24;66H8[1;38H[?12l[?25h[?25l[24;66H7[1;37H[?12l[?25h[?25l[1;36H[K[24;66H6[1;36H[?12l[?25h[?25l[1;35H[K[24;66H5[1;35H[?12l[?25h[?25l[1;34H[K[24;66H4[1;34H[?12l[?25h[?25l[1;33H[K[24;66H3[1;33H[?12l[?25h[?25lp[24;66H4[1;34H[?12l[?25h[?25lt[24;66H5[1;35H[?12l[?25h[?25l[24;66H6[1;36H[?12l[?25h[?25la[24;66H7[1;37H[?12l[?25h[?25lt[24;66H8[1;38H[?12l[?25h[?25l[1;37H[K[24;66H7[1;37H[?12l[?25h[?25l[1;36H[K[24;66H6[1;36H[?12l[?25h[?25li[24;66H7[1;37H[?12l[?25h[?25ln[24;66H8[1;38H[?12l[?25h[?25l[24;66H9[1;39H[?12l[?25h[?25lL[24;65H40[1;40H[?12l[?25h[?25li[24;66H1[1;41H[?12l[?25h[?25ln[24;66H2[1;42H[?12l[?25h[?25lu[24;66H3[1;43H[?12l[?25h[?25lx[24;66H4[1;44H[?12l[?25h[?25l[2;1H[K[24;63H2,1 [2;1H[?12l[?25h[?25lI[24;65H2[2;2H[?12l[?25h[?25l[24;65H3[2;3H[?12l[?25h[?25lm[24;65H4[2;4H[?12l[?25h[?25lu[24;65H5[2;5H[?12l[?25h[?25ls[24;65H6[2;6H[?12l[?25h[?25l[2;5H[K[24;65H5[2;5H[?12l[?25h[?25l[2;4H[K[24;65H4[2;4H[?12l[?25h[?25l[2;3H[K[24;65H3[2;3H[?12l[?25h[?25l[24;65H2[2;2H[?12l[?25h[?25l[2;1H[K[24;65H1[2;1H[?12l[?25h[?25lW[24;65H2[2;2H[?12l[?25h[?25le[24;65H3[2;3H[?12l[?25h[?25l[24;65H4[2;4H[?12l[?25h[?25lm[24;65H5[2;5H[?12l[?25h[?25lu[24;65H6[2;6H[?12l[?25h[?25ls[24;65H7[2;7H[?12l[?25h[?25lt[24;65H8[2;8H[?12l[?25h[?25l[24;65H9[2;9H[?12l[?25h[?25lh[24;65H10[2;10H[?12l[?25h[?25la[24;66H1[2;11H[?12l[?25h[?25lb[24;66H2[2;12H[?12l[?25h[?25l[2;11H[K[24;66H1[2;11H[?12l[?25h[?25lv[24;66H2[2;12H[?12l[?25h[?25le[24;66H3[2;13H[?12l[?25h[?25l[24;66H4[2;14H[?12l[?25h[?25la[24;66H5[2;15H[?12l[?25h[?25ln[24;66H6[2;16H[?12l[?25h[?25l[24;66H7[2;17H[?12l[?25h[?25la[24;66H8[2;18H[?12l[?25h[?25lc[24;66H9[2;19H[?12l[?25h[?25lo[24;65H20[2;20H[?12l[?25h[?25lu[24;66H1[2;21H[?12l[?25h[?25ln[24;66H2[2;22H[?12l[?25h[?25lt[24;66H3[2;23H[?12l[?25h[?25l[2;22H[K[24;66H2[2;22H[?12l[?25h[?25l[2;21H[K[24;66H1[2;21H[?12l[?25h[?25l[2;20H[K[24;66H0[2;20H[?12l[?25h[?25l[2;19H[K[24;65H19[2;19H[?12l[?25h[?25lc[24;65H20[2;20H[?12l[?25h[?25lo[24;66H1[2;21H[?12l[?25h[?25lu[24;66H2[2;22H[?12l[?25h[?25ln[24;66H3[2;23H[?12l[?25h[?25lt[24;66H4[2;24H[?12l[?25h[?25l[24;66H5[2;25H[?12l[?25h[?25lf[24;66H6[2;26H[?12l[?25h[?25lo[24;66H7[2;27H[?12l[?25h[?25l[2;26H[K[24;66H6[2;26H[?12l[?25h[?25l[2;25H[K[24;66H5[2;25H[?12l[?25h[?25la[24;66H6[2;26H[?12l[?25h[?25lt[24;66H7[2;27H[?12l[?25h[?25l[2;26H[K[24;66H6[2;26H[?12l[?25h[?25l[2;25H[K[24;66H5[2;25H[?12l[?25h[?25l[24;66H4[2;24H[?12l[?25h[?25l[2;23H[K[24;66H3[2;23H[?12l[?25h[?25lt[24;66H4[2;24H[?12l[?25h[?25l[24;66H3[2;23H[?12l[?25h[?25l[24;66H2[2;22H[?12l[?25h[?25l[24;66H1[2;21H[?12l[?25h[?25l[24;66H0[2;20H[?12l[?25h[?25l[24;65H19[2;19H[?12l[?25h[?25l[24;66H8[2;18H[?12l[?25h[?25l[24;66H7[2;17H[?12l[?25h[?25lgaccount[24;66H8[2;18H[?12l[?25h[?25liaccount[24;66H9[2;19H[?12l[?25h[?25ltaccount[24;65H20[2;20H[?12l[?25h[?25lhaccount[24;66H1[2;21H[?12l[?25h[?25luaccount[24;66H2[2;22H[?12l[?25h[?25lbaccount[24;66H3[2;23H[?12l[?25h[?25l account[24;66H4[2;24H[?12l[?25h[24;1H[K[?25l[24;63H2,23[10CAll[2;23H[?12l[?25h[?25l[24;66H4[2;24H[?12l[?25h[?25l[24;1H[1m[37m[41mE388: Couldn't find definition[m[24;63H[K[24;63H2,24[10CAll[2;24H[?12l[?25h[?25l[24;1H[1m--[m[1m[37m[41m8[m[1m INSERT[m[1m[37m[41ml[m[1m --[m[1m[37m[41m'[m[24;13H[K[24;63H2,24[10CAll[2;24H[?12l[?25h[?25liaccount[24;66H5[2;25H[?12l[?25h[?25l        account[24;66H6-33[2;33H[?12l[?25h[?25liaccount[24;66H7-34[2;34H[?12l[?25h[?25liaccount[24;66H8-35[2;35H[?12l[?25h[?25l[24;66H9-36[2;36H[?12l[?25h[?25l[24;66H8-35[2;35H[?12l[?25h[?25l[24;63H1,35   [1;35H[?12l[?25h[?25l[24;63H2,28-35[2;35H[?12l[?25h[?25l[24;63H1,35   [1;35H[?12l[?25h[?25l[24;63H2,28-35[2;35H[?12l[?25h[24;1H[K[2;34H[?25l[24;63H2,27-34[7CAll[2;34H[?12l[?25h[?25l[24;1H[1m-- INSERT --[m[24;63H[K[24;63H2,27-34[7CAll[2;34H[?12l[?25h[?25liiaccount[24;66H8-35[2;35H[?12l[?25h[24;1H[K[2;34H[?25l[24;63H2,27-34[7CAll[2;34H[?12l[?25h[?25l[24;1H[1m-- INSERT --[m[24;63H[K[24;63H2,27-34[7CAll[2;34H[?12l[?25h[?25liiiaccount[24;66H8-35[2;35H[?12l[?25h[24;1H[K[?25l[24;63H2,27-34[7CAll[2;34H[?12l[?25h[?25l[24;1H[1m-- INSERT --[m[24;63H[K[24;63H2,27-34[7CAll[2;37Hiaccount[24;66H8-35[2;35H[?12l[?25h[?25liiiiaccount[24;66H9-36[2;36H[?12l[?25h[?25liiiiaccount[24;65H30-37[2;37H[?12l[?25h[?25liiiiaccount[24;66H1-38[2;38H[?12l[?25h[?25liiiiaccount[24;66H2-39[2;39H[?12l[?25h[?25lhiiiaccount[24;66H3-40[2;40H[?12l[?25h[?25lhiiiaccount[24;66H4-41[2;41H[?12l[?25h[?25ljiiiaccount[24;66H5-42[2;42H[?12l[?25h[?25lhiiiaccount[24;66H6-43[2;43H[?12l[?25h[?25ljiiiaccount[24;66H7-44[2;44H[?12l[?25h[?25l[24;66H8-45[2;45H[?12l[?25h[?25l[24;66H9-46[2;46H[?12l[?25h[?25liiaccount[24;65H40-47[2;47H[?12l[?25h[?25liiaccount[24;66H1-48[2;48H[?12l[?25h[?25liiaccount[24;66H2-49[2;49H[?12l[?25h[?25liiaccount[24;66H3-50[2;50H[?12l[?25h[?25liiaccount[24;66H4-51[2;51H[?12l[?25h[?25liiaccount[24;66H5-52[2;52H[?12l[?25h[?25liiaccount[24;66H6-53[2;53H[?12l[?25h[?25liiaccount[24;66H7-54[2;54H[?12l[?25h[?25liiaccount[24;66H8-55[2;55H[?12l[?25h[?25liiaccount[24;66H9-56[2;56H[?12l[?25h[?25liiaccount[24;65H50-57[2;57H[?12l[?25h[?25liiaccount[24;66H1-58[2;58H[?12l[?25h[?25liiaccount[24;66H2-59[2;59H[?12l[?25h[?25liiaccount[24;66H3-60[2;60H[?12l[?25h[?25liiaccount[24;66H4-61[2;61H[?12l[?25h[?25liiaccount[24;66H5-62[2;62H[?12l[?25h[?25l[24;66H9-66[2;66H[?12l[?25h[?25liount[24;65H60-67[2;67H[?12l[?25h[?25liount[24;66H1-68[2;68H[?12l[?25h[?25liount[24;66H2-69[2;69H[?12l[?25h[?25liount[24;66H3-70[2;70H[?12l[?25h[?25liount[24;66H4-71[2;71H[?12l[?25h[?25liiount[24;66H6-73[2;73H[?12l[?25h[?25liount[24;66H7-74[2;74H[?12l[?25h[?25liount[24;66H8-75[2;75H[?12l[?25h[?25liount[24;66H9-76[2;76H[?12l[?25h[?25liount[24;65H70-77[2;77H[?12l[?25h[?25liounn[3;1Ht[3;2H[K[24;66H1-78[2;78H[?12l[?25h[?25liouu[3;1Hnt[24;66H2-79[2;79H[?12l[?25h[?25lioo[3;1Hunt[24;66H3-80[2;80H[?12l[?25h[?25lii[3;1Hount[24;66H4-81[3;1H[?12l[?25h[?25lgount[24;66H5-82[3;2H[?12l[?25h[?25liount[24;66H6-83[3;3H[?12l[?25h[?25lgount[24;66H7-84[3;4H[?12l[?25h[?25liount[24;66H8-85[3;5H[?12l[?25h[?25lgount[24;66H9-86[3;6H[?12l[?25h[?25liount[24;65H80-87[3;7H[?12l[?25h[?25lgount[24;66H1-88[3;8H[?12l[?25h[?25liount[24;66H2-89[3;9H[?12l[?25h[?25lgount[24;66H3-90[3;10H[?12l[?25h[?25liount[24;66H4-91[3;11H[?12l[?25h[?25lmount[24;66H5-92[3;12H[?12l[?25h[?25lsount[24;66H6-93[3;13H[?12l[?25h[?25lkount[24;66H7-94[3;14H[?12l[?25h[?25ldount[24;66H8-95[3;15H[?12l[?25h[?25ljount[24;66H9-96[3;16H[?12l[?25h[?25lfount[24;65H90-97[3;17H[?12l[?25h[?25lkount[24;66H1-98[3;18H[?12l[?25h[?25ljount[24;66H2-99[3;19H[?12l[?25h[?25lsount[24;66H3-100[3;20H[?12l[?25h[?25ldount[24;66H4-101[3;21H[?12l[?25h[?25lkount[24;66H5-102[3;22H[?12l[?25h[?25lfount[24;66H6-103[3;23H[?12l[?25h[?25ljount[24;66H7-104[3;24H[?12l[?25h[?25lkount[24;66H8-105[3;25H[?12l[?25h[?25ldount[24;66H9-106[3;26H[?12l[?25h[?25lsjfkjount[24;65H104-111[3;31H[?12l[?25h[?25lkount[24;67H5-112[3;32H[?12l[?25h[?25ljount[24;67H6-113[3;33H[?12l[?25h[24;1H[K[3;32H[?25l[24;63H2,105-112     All[3;32H[?12l[?25h[?25l[24;63H[K[24;1H:[?12l[?25h:[?25l[?12l[?25h:[?25l[?12l[?25h:[?25l[?12l[?25h:[?25l[?12l[?25h:[?25l[?12l[?25h:[?25l[?12l[?25h:[?25l[?12l[?25h:[?25l[?12l[?25hi[?25l[?12l[?25hi[?25l[?12l[?25hi[?25l[?12l[?25h[?25l[24;1H[K[24;63H2,105-112     All[3;32H[?12l[?25h[?25l[24;1H[1m-- INSERT --[m[24;63H[K[24;63H2,105-112     All[3;32H[?12l[?25h[?25lijount[24;67H6-113[3;33H[?12l[?25h[?25lijount[24;67H7-114[3;34H[?12l[?25h[?25lijount[24;67H8-115[3;35H[?12l[?25h[?25lijount[24;67H9-116[3;36H[?12l[?25h[?25lIjount[24;66H10-117[3;37H[?12l[?25h[?25lijount[24;67H1-118[3;38H[?12l[?25h[?25lijount[24;67H2-119[3;39H[?12l[?25h[?25lIjount[24;67H3-120[3;40H[?12l[?25h[?25lijount[24;67H4-121[3;41H[?12l[?25h[?25lijount[24;67H5-122[3;42H[?12l[?25h[?25lijount[24;67H6-123[3;43H[?12l[?25h[?25lijount[24;67H7-124[3;44H[?12l[?25h[?25lijount[24;67H8-125[3;45H[?12l[?25h[?25lijount[24;67H9-126[3;46H[?12l[?25h[?25lijount[24;66H20-127[3;47H[?12l[?25h[?25lijount[24;67H1-128[3;48H[?12l[?25h[?25lijount[24;67H2-129[3;49H[?12l[?25h[?25lijount[24;67H3-130[3;50H[?12l[?25h[?25lijount[24;67H4-131[3;51H[?12l[?25h[?25lijount[24;67H5-132[3;52H[?12l[?25h[?25lijount[24;67H6-133[3;53H[?12l[?25h[?25lijount[24;67H7-134[3;54H[?12l[?25h[?25lijount[24;67H8-135[3;55H[?12l[?25h[?25lijount[24;67H9-136[3;56H[?12l[?25h[?25lijount[24;66H30-137[3;57H[?12l[?25h[?25lijount[24;67H1-138[3;58H[?12l[?25h[?25lijount[24;67H2-139[3;59H[?12l[?25h[?25lijount[24;67H3-140[3;60H[?12l[?25h[?25lijount[24;67H4-141[3;61H[?12l[?25h[?25lijount[24;67H5-142[3;62H[?12l[?25h[?25lijount[24;67H6-143[3;63H[?12l[?25h[?25lijount[24;67H7-144[3;64H[?12l[?25h[?25lijount[24;67H8-145[3;65H[?12l[?25h[?25lijount[24;67H9-146[3;66H[?12l[?25h[?25lijount[24;66H40-147[3;67H[?12l[?25h[?25lwjount[24;67H1-148[3;68H[?12l[?25h[?25lijount[24;67H2-149[3;69H[?12l[?25h[?25lwjount[24;67H3-150[3;70H[?12l[?25h[?25lijount[24;67H4-151[3;71H[?12l[?25h[?25lwjount[24;67H5-152[3;72H[?12l[?25h[?25lijount[24;67H6-153[3;73H[?12l[?25h[?25lwjount[24;67H7-154[3;74H[?12l[?25h[?25ljjount[24;67H8-155[3;75H[?12l[?25h[?25ljjount[24;67H9-156[3;76H[?12l[?25h[?25lnjounn[4;1Ht[4;2H[K[24;66H50-157[3;77H[?12l[?25h[?25ljjouu[4;1Hnt[24;67H1-158[3;78H[?12l[?25h[?25lsjoo[4;1Hunt[24;67H2-159[3;79H[?12l[?25h[?25ljjj[4;1Hount[24;67H3-160[3;80H[?12l[?25h[?25ldd[4;1Hjount[24;67H4-161[4;1H[?12l[?25h[?25lfjount[24;67H5-162[4;2H[?12l[?25h[?25lhjount[24;67H6-163[4;3H[?12l[?25h[?25ljjount[24;67H7-164[4;4H[?12l[?25h[?25ldjount[24;67H8-165[4;5H[?12l[?25h[?25lsjount[24;67H9-166[4;6H[?12l[?25h[?25lhjount[24;66H60-167[4;7H[?12l[?25h[?25lfjount[24;67H1-168[4;8H[?12l[?25h[?25ljjount[24;67H2-169[4;9H[?12l[?25h[?25lhjount[24;67H3-170[4;10H[?12l[?25h[?25ldjount[24;67H4-171[4;11H[?12l[?25h[?25lsjount[24;67H5-172[4;12H[?12l[?25h[?25ljjount[24;67H6-173[4;13H[?12l[?25h[?25lhjount[24;67H7-174[4;14H[?12l[?25h[?25lfjount[24;67H8-175[4;15H[?12l[?25h[?25ljjount[24;67H9-176[4;16H[?12l[?25h[?25lijount[24;66H70-177[4;17H[?12l[?25h[?25lijount[24;67H1-178[4;18H[?12l[?25h[?25lijount[24;67H2-179[4;19H[?12l[?25h[?25lijount[24;67H3-180[4;20H[?12l[?25h[?25liijount[24;67H5-182[4;22H[?12l[?25h[?25lijount[24;67H6-183[4;23H[?12l[?25h[?25lijount[24;67H7-184[4;24H[?12l[?25h[?25lijount[24;67H8-185[4;25H[?12l[?25h[?25lijount[24;67H9-186[4;26H[?12l[?25h[?25lijount[24;66H80-187[4;27H[?12l[?25h[?25lijount[24;67H1-188[4;28H[?12l[?25h[?25lijount[24;67H2-189[4;29H[?12l[?25h[?25lijount[24;67H3-190[4;30H[?12l[?25h[?25lijount[24;67H4-191[4;31H[?12l[?25h[?25lijount[24;67H5-192[4;32H[?12l[?25h[?25lijount[24;67H6-193[4;33H[?12l[?25h[?25lijount[24;67H7-194[4;34H[?12l[?25h[?25lijount[24;67H8-195[4;35H[?12l[?25h[?25lijount[24;67H9-196[4;36H[?12l[?25h[?25lijount[24;66H90-197[4;37H[?12l[?25h[?25lijount[24;67H1-198[4;38H[?12l[?25h[?25l[24;67H0-197[4;37H[?12l[?25h[?25l[24;67H1-198[4;38H[?12l[?25h[?25lfjount[24;67H2-199[4;39H[?12l[?25h[?25lfjount[24;67H3-200[4;40H[?12l[?25h[?25lfjount[24;67H4-201[4;41H[?12l[?25h[?25lfjount[24;67H5-202[4;42H[?12l[?25h[?25lfjount[24;67H6-203[4;43H[?12l[?25h[?25lfjount[24;67H7-204[4;44H[?12l[?25h[?25lijount[24;67H8-205[4;45H[?12l[?25h[?25lijount[24;67H9-206[4;46H[?12l[?25h[?25ldjount[24;65H200-207[4;47H[?12l[?25h[?25ldjount[24;67H1-208[4;48H[?12l[?25h[?25ldjount[24;67H2-209[4;49H[?12l[?25h[?25lkjount[24;67H3-210[4;50H[?12l[?25h[?25ljjount[24;67H4-211[4;51H[?12l[?25h[?25lkjount[24;67H5-212[4;52H[?12l[?25h[?25ljjount[24;67H6-213[4;53H[?12l[?25h[?25lount[4;57H[K[24;67H5-212[4;52H[?12l[?25h[?25ljount[4;56H[K[24;67H4-211[4;51H[?12l[?25h[?25lount[4;55H[K[24;67H3-210[4;50H[?12l[?25h[?25ljount[4;54H[K[24;67H2-209[4;49H[?12l[?25h[?25ljount[4;53H[K[24;67H1-208[4;48H[?12l[?25h[?25ljount[4;52H[K[24;67H0-207[4;47H[?12l[?25h[?25ljount[4;51H[K[24;65H199-206[4;46H[?12l[?25h[?25ljount[4;50H[K[24;67H8-205[4;45H[?12l[?25h[?25ljount[4;49H[K[24;67H7-204[4;44H[?12l[?25h[?25ljount[4;48H[K[24;67H6-203[4;43H[?12l[?25h[?25ljount[4;47H[K[24;67H5-202[4;42H[?12l[?25h[?25ljount[4;46H[K[24;67H4-201[4;41H[?12l[?25h[?25ljount[4;45H[K[24;67H3-200[4;40H[?12l[?25h[?25ljount[4;44H[K[24;67H2-199[4;39H[?12l[?25h[?25ljount[4;43H[K[24;67H1-198[4;38H[?12l[?25h[?25ljount[4;42H[K[24;67H0-197[4;37H[?12l[?25h[?25ljount[4;41H[K[24;66H89-196[4;36H[?12l[?25h[?25ljount[4;40H[K[24;67H8-195[4;35H[?12l[?25h[?25ljount[4;39H[K[24;67H7-194[4;34H[?12l[?25h[?25ljount[4;38H[K[24;67H6-193[4;33H[?12l[?25h[?25ljount[4;37H[K[24;67H5-192[4;32H[?12l[?25h[?25ljount[4;36H[K[24;67H4-191[4;31H[?12l[?25h[?25ljount[4;35H[K[24;67H3-190[4;30H[?12l[?25h[?25ljount[4;34H[K[24;67H2-189[4;29H[?12l[?25h[?25ljount[4;33H[K[24;67H1-188[4;28H[?12l[?25h[?25ljount[4;32H[K[24;67H0-187[4;27H[?12l[?25h[?25ljount[4;31H[K[24;66H79-186[4;26H[?12l[?25h[?25ljount[4;30H[K[24;67H8-185[4;25H[?12l[?25h[?25ljount[4;29H[K[24;67H7-184[4;24H[?12l[?25h[?25ljount[4;28H[K[24;67H6-183[4;23H[?12l[?25h[?25ljount[4;27H[K[24;67H5-182[4;22H[?12l[?25h[?25ljount[4;26H[K[24;67H4-181[4;21H[?12l[?25h[?25l[24;67H5-182[4;22H[?12l[?25h[?25l[24;67H4-181[4;21H[?12l[?25h[?25l[24;67H5-182[4;22H[?12l[?25h[?25lount[4;25H[K[24;67H4-181[4;21H[?12l[?25h[?25lount[4;24H[K[24;67H3-180[4;20H[?12l[?25h[?25lount[4;23H[K[24;67H2-179[4;19H[?12l[?25h[?25lount[4;22H[K[24;67H1-178[4;18H[?12l[?25h[?25lount[4;21H[K[24;67H0-177[4;17H[?12l[?25h[?25lount[4;20H[K[24;66H69-176[4;16H[?12l[?25h[?25lount[4;19H[K[24;67H8-175[4;15H[?12l[?25h[?25lount[4;18H[K[24;67H7-174[4;14H[?12l[?25h[?25lount[4;17H[K[24;67H6-173[4;13H[?12l[?25h[?25lount[4;16H[K[24;67H5-172[4;12H[?12l[?25h[?25lount[4;15H[K[24;67H4-171[4;11H[?12l[?25h[?25lount[4;14H[K[24;67H3-170[4;10H[?12l[?25h[?25lount[4;13H[K[24;67H2-169[4;9H[?12l[?25h[?25lount[4;12H[K[24;67H1-168[4;8H[?12l[?25h[?25lount[4;11H[K[24;67H0-167[4;7H[?12l[?25h[?25lount[4;10H[K[24;66H59-166[4;6H[?12l[?25h[?25lount[4;9H[K[24;67H8-165[4;5H[?12l[?25h[?25lount[4;8H[K[24;67H7-164[4;4H[?12l[?25h[?25lount[4;7H[K[24;67H6-163[4;3H[?12l[?25h[?25lount[4;6H[K[24;67H5-162[4;2H[?12l[?25h[?25lount[4;5H[K[24;67H4-161[4;1H[?12l[?25h[?25l[3;80Hoo[4;1Hunt[4;4H[K[24;67H3-160[3;80H[?12l[?25h[?25louu[4;1Hnt[4;3H[K[24;67H2-159[3;79H[?12l[?25h[?25lounn[4;1Ht[4;2H[K[24;67H1-158[3;78H[?12l[?25h[?25lount[4;1H[1m[34m~                                                                               [m[24;67H0-157[3;77H[?12l[?25h[?25lount[3;80H[K[24;66H49-156[3;76H[?12l[?25h[?25lount[3;79H[K[24;67H8-155[3;75H[?12l[?25h[?25lount[3;78H[K[24;67H7-154[3;74H[?12l[?25h[?25lount[3;77H[K[24;67H6-153[3;73H[?12l[?25h[?25lount[3;76H[K[24;67H5-152[3;72H[?12l[?25h[?25lount[3;75H[K[24;67H4-151[3;71H[?12l[?25h[?25lount[3;74H[K[24;67H3-150[3;70H[?12l[?25h[?25lount[3;73H[K[24;67H2-149[3;69H[?12l[?25h[?25lount[3;72H[K[24;67H1-148[3;68H[?12l[?25h[?25lount[3;71H[K[24;67H0-147[3;67H[?12l[?25h[?25lount[3;70H[K[24;66H39-146[3;66H[?12l[?25h[?25lount[3;66H[K[24;67H5-142[3;62H[?12l[?25h[?25lount[3;65H[K[24;67H4-141[3;61H[?12l[?25h[?25lount[3;64H[K[24;67H3-140[3;60H[?12l[?25h[?25lount[3;63H[K[24;67H2-139[3;59H[?12l[?25h[?25lount[3;62H[K[24;67H1-138[3;58H[?12l[?25h[?25lount[3;61H[K[24;67H0-137[3;57H[?12l[?25h[?25lount[3;60H[K[24;66H29-136[3;56H[?12l[?25h[?25lount[3;59H[K[24;67H8-135[3;55H[?12l[?25h[?25lount[3;58H[K[24;67H7-134[3;54H[?12l[?25h[?25lount[3;57H[K[24;67H6-133[3;53H[?12l[?25h[?25lount[3;56H[K[24;67H5-132[3;52H[?12l[?25h[?25lount[3;55H[K[24;67H4-131[3;51H[?12l[?25h[?25lount[3;54H[K[24;67H3-130[3;50H[?12l[?25h[?25lount[3;53H[K[24;67H2-129[3;49H[?12l[?25h[?25lount[3;52H[K[24;67H1-128[3;48H[?12l[?25h[?25lount[3;51H[K[24;67H0-127[3;47H[?12l[?25h[?25lount[3;50H[K[24;66H19-126[3;46H[?12l[?25h[?25lount[3;49H[K[24;67H8-125[3;45H[?12l[?25h[?25lount[3;48H[K[24;67H7-124[3;44H[?12l[?25h[?25lount[3;47H[K[24;67H6-123[3;43H[?12l[?25h[?25lount[3;46H[K[24;67H5-122[3;42H[?12l[?25h[?25lount[3;45H[K[24;67H4-121[3;41H[?12l[?25h[?25lount[3;44H[K[24;67H3-120[3;40H[?12l[?25h[?25lount[3;43H[K[24;67H2-119[3;39H[?12l[?25h[?25lount[3;42H[K[24;67H1-118[3;38H[?12l[?25h[?25lount[3;41H[K[24;67H0-117[3;37H[?12l[?25h[?25lount[3;40H[K[24;66H09-116[3;36H[?12l[?25h[?25lount[3;39H[K[24;67H8-115[3;35H[?12l[?25h[?25lount[3;38H[K[24;67H7-114[3;34H[?12l[?25h[?25lount[3;37H[K[24;67H6-113[3;33H[?12l[?25h[?25lount[3;36H[K[24;67H5-112[3;32H[?12l[?25h[?25lount[3;35H[K[24;67H4-111[3;31H[?12l[?25h[?25lount[3;34H[K[24;67H3-110[3;30H[?12l[?25h[?25lount[3;33H[K[24;67H2-109[3;29H[?12l[?25h[?25lount[3;32H[K[24;67H1-108[3;28H[?12l[?25h[?25lount[3;31H[K[24;67H0-107[3;27H[?12l[?25h[?25lount[3;30H[K[24;65H99-106 [3;26H[?12l[?25h[?25lount[3;29H[K[24;66H8-105[3;25H[?12l[?25h[?25lount[3;28H[K[24;66H7-104[3;24H[?12l[?25h[?25lount[3;27H[K[24;66H6-103[3;23H[?12l[?25h[?25lount[3;26H[K[24;66H5-102[3;22H[?12l[?25h[?25lount[3;25H[K[24;66H4-101[3;21H[?12l[?25h[?25lount[3;24H[K[24;66H3-100[3;20H[?12l[?25h[?25lount[3;23H[K[24;66H2-99 [3;19H[?12l[?25h[?25lount[3;22H[K[24;66H1-98[3;18H[?12l[?25h[?25lount[3;21H[K[24;66H0-97[3;17H[?12l[?25h[?25lount[3;20H[K[24;65H89-96[3;16H[?12l[?25h[?25lount[3;19H[K[24;66H8-95[3;15H[?12l[?25h[?25lount[3;18H[K[24;66H7-94[3;14H[?12l[?25h[?25lount[3;17H[K[24;66H6-93[3;13H[?12l[?25h[?25lount[3;16H[K[24;66H5-92[3;12H[?12l[?25h[?25lount[3;15H[K[24;66H4-91[3;11H[?12l[?25h[?25lount[3;14H[K[24;66H3-90[3;10H[?12l[?25h[?25lount[3;13H[K[24;66H2-89[3;9H[?12l[?25h[?25lount[3;12H[K[24;66H1-88[3;8H[?12l[?25h[?25lount[3;11H[K[24;66H0-87[3;7H[?12l[?25h[?25lount[3;10H[K[24;65H79-86[3;6H[?12l[?25h[?25lount[3;9H[K[24;66H8-85[3;5H[?12l[?25h[?25lount[3;8H[K[24;66H7-84[3;4H[?12l[?25h[?25lount[3;7H[K[24;66H6-83[3;3H[?12l[?25h[?25lount[3;6H[K[24;66H5-82[3;2H[?12l[?25h[?25lount[3;5H[K[24;66H4-81[3;1H[?12l[?25h[?25l[2;80Hoo[3;1Hunt[3;4H[K[24;66H3-80[2;80H[?12l[?25h[?25louu[3;1Hnt[3;3H[K[24;66H2-79[2;79H[?12l[?25h[?25lounn[3;1Ht[3;2H[K[24;66H1-78[2;78H[?12l[?25h[?25lount[3;1H[1m[34m~                                                                               [m[24;66H0-77[2;77H[?12l[?25h[?25lount[2;80H[K[24;65H69-76[2;76H[?12l[?25h[?25lount[2;79H[K[24;66H8-75[2;75H[?12l[?25h[?25lount[2;78H[K[24;66H7-74[2;74H[?12l[?25h[?25lount[2;77H[K[24;66H6-73[2;73H[?12l[?25h[?25lount[2;76H[K[24;66H5-72[2;72H[?12l[?25h[?25lount[2;75H[K[24;66H4-71[2;71H[?12l[?25h[?25lount[2;74H[K[24;66H3-70[2;70H[?12l[?25h[?25lount[2;73H[K[24;66H2-69[2;69H[?12l[?25h[?25lount[2;72H[K[24;66H1-68[2;68H[?12l[?25h[?25lount[2;71H[K[24;66H0-67[2;67H[?12l[?25h[?25lount[2;70H[K[24;65H59-66[2;66H[?12l[?25h[?25lount[2;69H[K[24;66H8-65[2;65H[?12l[?25h[?25lount[2;68H[K[24;66H7-64[2;64H[?12l[?25h[?25lount[2;67H[K[24;66H6-63[2;63H[?12l[?25h[?25lount[2;66H[K[24;66H5-62[2;62H[?12l[?25h[?25lount[2;65H[K[24;66H4-61[2;61H[?12l[?25h[?25lount[2;64H[K[24;66H3-60[2;60H[?12l[?25h[?25lount[2;63H[K[24;66H2-59[2;59H[?12l[?25h[?25lount[2;62H[K[24;66H1-58[2;58H[?12l[?25h[?25lount[2;61H[K[24;66H0-57[2;57H[?12l[?25h[?25lount[2;60H[K[24;65H49-56[2;56H[?12l[?25h[?25lount[2;59H[K[24;66H8-55[2;55H[?12l[?25h[?25lount[2;58H[K[24;66H7-54[2;54H[?12l[?25h[?25lount[2;57H[K[24;66H6-53[2;53H[?12l[?25h[?25lount[2;56H[K[24;66H5-52[2;52H[?12l[?25h[?25lount[2;55H[K[24;66H4-51[2;51H[?12l[?25h[?25lount[2;54H[K[24;66H3-50[2;50H[?12l[?25h[?25lount[2;53H[K[24;66H2-49[2;49H[?12l[?25h[?25lount[2;52H[K[24;66H1-48[2;48H[?12l[?25h[?25lount[2;51H[K[24;66H0-47[2;47H[?12l[?25h[?25lount[2;50H[K[24;65H39-46[2;46H[?12l[?25h[?25lount[2;49H[K[24;66H8-45[2;45H[?12l[?25h[?25lount[2;48H[K[24;66H7-44[2;44H[?12l[?25h[?25lount[2;47H[K[24;66H6-43[2;43H[?12l[?25h[?25lount[2;46H[K[24;66H5-42[2;42H[?12l[?25h[?25lount[2;45H[K[24;66H4-41[2;41H[?12l[?25h[?25lount[2;44H[K[24;66H3-40[2;40H[?12l[?25h[?25lount[2;43H[K[24;66H2-39[2;39H[?12l[?25h[?25lount[2;42H[K[24;66H1-38[2;38H[?12l[?25h[?25lount[2;41H[K[24;66H0-37[2;37H[?12l[?25h[?25lount[2;40H[K[24;65H29-36[2;36H[?12l[?25h[?25lount[2;39H[K[24;66H8-35[2;35H[?12l[?25h[?25lount[2;38H[K[24;66H7-34[2;34H[?12l[?25h[?25lount[2;37H[K[24;66H6-33[2;33H[?12l[?25h[?25l[2;25Hount[2;33H[K[24;66H5   [2;25H[?12l[?25h[?25lount[2;28H[K[24;66H4[2;24H[?12l[?25h[?25lount[2;27H[K[24;66H3[2;23H[?12l[?25h[?25lount[2;26H[K[24;66H2[2;22H[?12l[?25h[?25lount[2;25H[K[24;66H1[2;21H[?12l[?25h[?25lount[2;24H[K[24;66H0[2;20H[?12l[?25h[?25lount[2;23H[K[24;65H19[2;19H[?12l[?25h[?25lount[2;22H[K[24;66H8[2;18H[?12l[?25h[?25lount[2;21H[K[24;66H7[2;17H[?12l[?25h[?25lount[2;20H[K[24;66H6[2;16H[?12l[?25h[?25ltount[24;66H7[2;17H[?12l[?25h[?25lhount[24;66H8[2;18H[?12l[?25h[?25luount[24;66H9[2;19H[?12l[?25h[?25lnount[24;65H20[2;20H[?12l[?25h[?25l ount[24;66H1[2;21H[?12l[?25h[?25laount[24;66H2[2;22H[?12l[?25h[?25lcount[24;66H3[2;23H[?12l[?25h[?25lcount[24;66H4[2;24H[?12l[?25h[?25loount[24;66H5[2;25H[?12l[?25h[?25lunt[2;28H[K[24;66H4[2;24H[?12l[?25h[?25l[24;66H3[2;23H[?12l[?25h[?25l[24;66H2[2;22H[?12l[?25h[?25l[24;66H1[2;21H[?12l[?25h[?25l[24;66H0[2;20H[?12l[?25h[?25l account[2;27H[K[24;65H19[2;19H[?12l[?25h[?25l account[2;26H[K[24;66H8[2;18H[?12l[?25h[?25l account[2;25H[K[24;66H7[2;17H[?12l[?25h[?25l account[2;24H[K[24;66H6[2;16H[?12l[?25h[?25l account[2;23H[K[24;66H5[2;15H[?12l[?25h[?25l  account[24;66H6[2;16H[?12l[?25h[?25lg account[24;66H7[2;17H[?12l[?25h[?25li account[24;66H8[2;18H[?12l[?25h[?25lt account[24;66H9[2;19H[?12l[?25h[?25lh account[24;65H20[2;20H[?12l[?25h[?25lub account[24;66H2[2;22H[?12l[?25h[?25l[24;66H3[2;23H[?12l[?25h[?25l[24;66H4[2;24H[?12l[?25h[?25l[24;66H9[2;29H[?12l[?25h[?25l[24;65H30[2;30H[?12l[?25h[?25l[3;1H[K[24;63H3,1 [3;1H[?12l[?25h[?25lw[24;65H2[3;2H[?12l[?25h[?25le[24;65H3[3;3H[?12l[?25h[?25l[24;65H4[3;4H[?12l[?25h[?25lm[24;65H5[3;5H[?12l[?25h[?25lu[24;65H6[3;6H[?12l[?25h[?25ls[24;65H7[3;7H[?12l[?25h[?25lt[24;65H8[3;8H[?12l[?25h[?25l[24;65H9[3;9H[?12l[?25h[?25lc[24;65H10[3;10H[?12l[?25h[?25lo[24;66H1[3;11H[?12l[?25h[?25lo[24;66H2[3;12H[?12l[?25h[?25l[3;11H[K[24;66H1[3;11H[?12l[?25h[?25ln[24;66H2[3;12H[?12l[?25h[?25le[24;66H3[3;13H[?12l[?25h[?25lc[24;66H4[3;14H[?12l[?25h[?25lt[24;66H5[3;15H[?12l[?25h[?25lr[24;66H6[3;16H[?12l[?25h[?25l[3;15H[K[24;66H5[3;15H[?12l[?25h[?25le[24;66H6[3;16H[?12l[?25h[?25ld[24;66H7[3;17H[?12l[?25h[?25l[3;16H[K[24;66H6[3;16H[?12l[?25h[?25l[3;15H[K[24;66H5[3;15H[?12l[?25h[?25l[3;14H[K[24;66H4[3;14H[?12l[?25h[?25l[3;13H[K[24;66H3[3;13H[?12l[?25h[?25l[3;12H[K[24;66H2[3;12H[?12l[?25h[?25l[3;11H[K[24;66H1[3;11H[?12l[?25h[?25l[3;10H[K[24;66H0[3;10H[?12l[?25h[?25l[3;9H[K[24;65H9 [3;9H[?12l[?25h[?25l[24;65H8[3;8H[?12l[?25h[?25l[3;6H[K[24;65H6[3;6H[?12l[?25h[?25l[3;5H[K[24;65H5[3;5H[?12l[?25h[?25l[3;4H[K[24;65H4[3;4H[?12l[?25h[?25l[24;65H3[3;3H[?12l[?25h[?25l[3;2H[K[24;65H2[3;2H[?12l[?25h[?25l[3;1H[K[24;65H1[3;1H[?12l[?25h[?25l[24;63H2[2;1H[?12l[?25h[?25l[24;65H2[2;2H[?12l[?25h[?25l[24;65H3[2;3H[?12l[?25h[?25l must have a github account[2;29H[K[24;65H2[2;2H[?12l[?25h[?25l must have a github account[2;28H[K[24;65H1[2;1H[?12l[?25h[?25li must have a github account[24;65H2[2;2H[?12l[?25h[?25l[24;63H3,1[3;1H[?12l[?25h[?25li[24;65H2[3;2H[?12l[?25h[?25l[24;65H3[3;3H[?12l[?25h[?25l[24;65H2[3;2H[?12l[?25h[?25l[24;65H3[3;3H[?12l[?25h[?25ll[24;65H4[3;4H[?12l[?25h[?25l[3;3H[K[24;65H3[3;3H[?12l[?25h[?25lh[24;65H4[3;4H[?12l[?25h[?25la[24;65H5[3;5H[?12l[?25h[?25lv[24;65H6[3;6H[?12l[?25h[?25le[24;65H7[3;7H[?12l[?25h[?25lr[24;65H8[3;8H[?12l[?25h[?25l[3;7H[K[24;65H7[3;7H[?12l[?25h[?25lw[24;65H8[3;8H[?12l[?25h[?25le[24;65H9[3;9H[?12l[?25h[?25lw[24;65H10[3;10H[?12l[?25h[?25l[3;9H[K[24;65H9 [3;9H[?12l[?25h[?25l[3;8H[K[24;65H8[3;8H[?12l[?25h[?25l[3;7H[K[24;65H7[3;7H[?12l[?25h[?25l[24;65H8[3;8H[?12l[?25h[?25l[24;65H7[3;7H[?12l[?25h[?25l[24;65H8[3;8H[?12l[?25h[?25ll[24;65H9[3;9H[?12l[?25h[?25le[24;65H10[3;10H[?12l[?25h[?25la[24;66H1[3;11H[?12l[?25h[?25lr[24;66H2[3;12H[?12l[?25h[?25ln[24;66H3[3;13H[?12l[?25h[?25le[24;66H4[3;14H[?12l[?25h[?25lf[24;66H5[3;15H[?12l[?25h[?25lf[24;66H6[3;16H[?12l[?25h[?25l[3;15H[K[24;66H5[3;15H[?12l[?25h[?25ld[24;66H6[3;16H[?12l[?25h[?25l[24;66H7[3;17H[?12l[?25h[?25l[24;66H6[3;16H[?12l[?25h[?25l[3;15H[K[24;66H5[3;15H[?12l[?25h[?25l[3;14H[K[24;66H4[3;14H[?12l[?25h[?25ld[24;66H5[3;15H[?12l[?25h[?25l[24;66H6[3;16H[?12l[?25h[?25la[24;66H7[3;17H[?12l[?25h[?25lb[24;66H8[3;18H[?12l[?25h[?25lo[24;66H9[3;19H[?12l[?25h[?25lu[24;65H20[3;20H[?12l[?25h[?25lt[24;66H1[3;21H[?12l[?25h[?25l[24;66H2[3;22H[?12l[?25h[?25lg[24;66H3[3;23H[?12l[?25h[?25li[24;66H4[3;24H[?12l[?25h[?25lt[24;66H5[3;25H[?12l[?25h[?25l[24;66H6[3;26H[?12l[?25h[?25lc[24;66H7[3;27H[?12l[?25h[?25ll[24;66H8[3;28H[?12l[?25h[?25lo[24;66H9[3;29H[?12l[?25h[?25ln[24;65H30[3;30H[?12l[?25h[?25le[24;66H1[3;31H[?12l[?25h[?25l[4;1H[K[24;63H4,1 [4;1H[?12l[?25h[?25la[24;65H2[4;2H[?12l[?25h[?25lb[24;65H3[4;3H[?12l[?25h[?25lo[24;65H4[4;4H[?12l[?25h[?25lu[24;65H5[4;5H[?12l[?25h[?25lt[24;65H6[4;6H[?12l[?25h[?25l[24;65H7[4;7H[?12l[?25h[?25lc[24;65H8[4;8H[?12l[?25h[?25lh[24;65H9[4;9H[?12l[?25h[?25la[24;65H10[4;10H[?12l[?25h[?25ln[24;66H1[4;11H[?12l[?25h[?25lg[24;66H2[4;12H[?12l[?25h[?25le[24;66H3[4;13H[?12l[?25h[?25l[24;66H4[4;14H[?12l[?25h[?25ld[24;66H5[4;15H[?12l[?25h[?25lir[24;66H7[4;17H[?12l[?25h[?25le[24;66H8[4;18H[?12l[?25h[?25lc[24;66H9[4;19H[?12l[?25h[?25lt[24;65H20[4;20H[?12l[?25h[?25lo[24;66H1[4;21H[?12l[?25h[?25lr[24;66H2[4;22H[?12l[?25h[?25ly[24;66H3[4;23H[?12l[?25h[?25l,[24;66H4[4;24H[?12l[?25h[?25l[24;66H5[4;25H[?12l[?25h[?25la[24;66H6[4;26H[?12l[?25h[?25lb[24;66H7[4;27H[?12l[?25h[?25lo[24;66H8[4;28H[?12l[?25h[?25lu[24;66H9[4;29H[?12l[?25h[?25lt[24;65H30[4;30H[?12l[?25h[?25l[24;66H1[4;31H[?12l[?25h[?25lm[24;66H2[4;32H[?12l[?25h[?25la[24;66H3[4;33H[?12l[?25h[?25lk[24;66H4[4;34H[?12l[?25h[?25le[24;66H5[4;35H[?12l[?25h[?25l[24;66H6[4;36H[?12l[?25h[?25la[24;66H7[4;37H[?12l[?25h[?25l[24;66H8[4;38H[?12l[?25h[?25l[4;36H[K[24;66H6[4;36H[?12l[?25h[?25lf[24;66H7[4;37H[?12l[?25h[?25lo[24;66H8[4;38H[?12l[?25h[?25ll[24;66H9[4;39H[?12l[?25h[?25ld[24;65H40[4;40H[?12l[?25h[?25le[24;66H1[4;41H[?12l[?25h[?25lrs[24;66H3[4;43H[?12l[?25h[?25l,[24;66H4[4;44H[?12l[?25h[?25l[24;66H5[4;45H[?12l[?25h[?25l[24;66H4[4;44H[?12l[?25h[?25l[4;43H[K[24;66H3[4;43H[?12l[?25h[?25l[24;66H2[4;42H[?12l[?25h[?25l[24;66H1[4;41H[?12l[?25h[?25l[24;66H0[4;40H[?12l[?25h[?25l[24;65H39[4;39H[?12l[?25h[?25l[24;66H8[4;38H[?12l[?25h[?25l[24;66H7[4;37H[?12l[?25h[?25l[24;66H6[4;36H[?12l[?25h[?25l[24;66H5[4;35H[?12l[?25h[?25l[24;66H4[4;34H[?12l[?25h[?25l[24;66H3[4;33H[?12l[?25h[?25l[24;66H2[4;32H[?12l[?25h[?25l[24;66H1[4;31H[?12l[?25h[?25l[24;66H0[4;30H[?12l[?25h[?25l[24;65H29[4;29H[?12l[?25h[?25l[24;66H8[4;28H[?12l[?25h[?25l[24;66H7[4;27H[?12l[?25h[?25l[24;66H6[4;26H[?12l[?25h[?25l[24;66H5[4;25H[?12l[?25h[?25l[24;66H4[4;24H[?12l[?25h[?25l[24;66H3[4;23H[?12l[?25h[?25l[24;66H2[4;22H[?12l[?25h[?25l[24;66H1[4;21H[?12l[?25h[?25l[24;66H0[4;20H[?12l[?25h[?25l[24;66H1[4;21H[?12l[?25h[?25l[24;66H2[4;22H[?12l[?25h[?25l[24;66H3[4;23H[?12l[?25h[?25l[24;66H4[4;24H[?12l[?25h[?25l about make folders[4;42H[K[24;66H3[4;23H[?12l[?25h[?25l[24;66H4[4;24H[?12l[?25h[?25l[24;66H5[4;25H[?12l[?25h[?25l[24;66H6[4;26H[?12l[?25h[?25l[24;66H7[4;27H[?12l[?25h[?25l[24;66H8[4;28H[?12l[?25h[?25l[24;66H9[4;29H[?12l[?25h[?25l[24;65H30[4;30H[?12l[?25h[?25l[24;66H1[4;31H[?12l[?25h[?25l[24;66H2[4;32H[?12l[?25h[?25l[24;66H3[4;33H[?12l[?25h[?25l[24;66H4[4;34H[?12l[?25h[?25l[24;66H5[4;35H[?12l[?25h[?25l[24;66H6[4;36H[?12l[?25h[?25l[24;66H7[4;37H[?12l[?25h[?25l[24;66H8[4;38H[?12l[?25h[?25l[24;66H9[4;39H[?12l[?25h[?25l[24;65H40[4;40H[?12l[?25h[?25l[24;66H1[4;41H[?12l[?25h[?25l[24;66H2[4;42H[?12l[?25h[?25la[24;66H3[4;43H[?12l[?25h[?25lb[24;66H4[4;44H[?12l[?25h[?25l[4;43H[K[24;66H3[4;43H[?12l[?25h[?25l[4;42H[K[24;66H2[4;42H[?12l[?25h[?25l[24;66H3[4;43H[?12l[?25h[?25la[24;66H4[4;44H[?12l[?25h[?25lb[24;66H5[4;45H[?12l[?25h[?25lo[24;66H6[4;46H[?12l[?25h[?25lu[24;66H7[4;47H[?12l[?25h[?25lt[24;66H8[4;48H[?12l[?25h[?25l[24;66H9[4;49H[?12l[?25h[?25ll[24;65H50[4;50H[?12l[?25h[?25li[24;66H1[4;51H[?12l[?25h[?25ls[24;66H2[4;52H[?12l[?25h[?25lt[24;66H3[4;53H[?12l[?25h[?25li[24;66H4[4;54H[?12l[?25h[?25ln[24;66H5[4;55H[?12l[?25h[?25lg[24;66H6[4;56H[?12l[?25h[?25l[24;66H7[4;57H[?12l[?25h[?25ld[24;66H8[4;58H[?12l[?25h[?25l[4;57H[K[24;66H7[4;57H[?12l[?25h[?25lf[24;66H8[4;58H[?12l[?25h[?25li[24;66H9[4;59H[?12l[?25h[?25ll[24;65H60[4;60H[?12l[?25h[?25le[24;66H1[4;61H[?12l[?25h[?25ls[24;66H2[4;62H[?12l[?25h[?25l[24;66H3[4;63H[?12l[?25h[?25la[24;66H4[4;64H[?12l[?25h[?25l[4;63H[K[24;66H3[4;63H[?12l[?25h[?25li[24;66H4[4;64H[?12l[?25h[?25ln[24;66H5[4;65H[?12l[?25h[?25l[24;66H6[4;66H[?12l[?25h[?25lm[24;66H7[4;67H[?12l[?25h[?25ly[24;66H8[4;68H[?12l[?25h[?25l[24;66H9[4;69H[?12l[?25h[?25l[24;66H8[4;68H[?12l[?25h[?25l[4;67H[K[24;66H7[4;67H[?12l[?25h[?25l[4;66H[K[24;66H6[4;66H[?12l[?25h[?25ld[24;66H7[4;67H[?12l[?25h[?25li[24;66H8[4;68H[?12l[?25h[?25lr[24;66H9[4;69H[?12l[?25h[?25le[24;65H70[4;70H[?12l[?25h[?25lc[24;66H1[4;71H[?12l[?25h[?25lt[24;66H2[4;72H[?12l[?25h[?25lo[24;66H3[4;73H[?12l[?25h[?25lr[24;66H4[4;74H[?12l[?25h[?25ly[24;66H5[4;75H[?12l[?25h[?25l[5;1H[K[24;63H5,1 [5;1H[?12l[?25h[?25la[24;65H2[5;2H[?12l[?25h[?25lb[24;65H3[5;3H[?12l[?25h[?25lo[24;65H4[5;4H[?12l[?25h[?25lu[24;65H5[5;5H[?12l[?25h[?25lt[24;65H6[5;6H[?12l[?25h[?25l[24;65H7[5;7H[?12l[?25h[?25lm[24;65H8[5;8H[?12l[?25h[?25la[24;65H9[5;9H[?12l[?25h[?25lk[24;65H10[5;10H[?12l[?25h[?25le[24;66H1[5;11H[?12l[?25h[?25l[24;66H2[5;12H[?12l[?25h[?25lf[24;66H3[5;13H[?12l[?25h[?25li[24;66H4[5;14H[?12l[?25h[?25ll[24;66H5[5;15H[?12l[?25h[?25le[24;66H6[5;16H[?12l[?25h[?25l[24;66H5[5;15H[?12l[?25h[?25l[24;66H4[5;14H[?12l[?25h[?25l[24;66H3[5;13H[?12l[?25h[?25l[24;66H2[5;12H[?12l[?25h[?25lafile[24;66H3[5;13H[?12l[?25h[?25l file[24;66H4[5;14H[?12l[?25h[?25l[24;66H5[5;15H[?12l[?25h[?25l[24;66H6[5;16H[?12l[?25h[?25l[24;66H7[5;17H[?12l[?25h[?25l[24;66H8[5;18H[?12l[?25h[?25l[24;66H9[5;19H[?12l[?25h[?25la[24;65H20[5;20H[?12l[?25h[?25lb[24;66H1[5;21H[?12l[?25h[?25lo[24;66H2[5;22H[?12l[?25h[?25lut[24;66H4[5;24H[?12l[?25h[?25l[24;66H5[5;25H[?12l[?25h[?25ld[24;66H6[5;26H[?12l[?25h[?25le[24;66H7[5;27H[?12l[?25h[?25ll[24;66H8[5;28H[?12l[?25h[?25le[24;66H9[5;29H[?12l[?25h[?25lt[24;65H30[5;30H[?12l[?25h[?25le[24;66H1[5;31H[?12l[?25h[?25l[24;66H2[5;32H[?12l[?25h[?25lf[24;66H3[5;33H[?12l[?25h[?25li[24;66H4[5;34H[?12l[?25h[?25le[24;66H5[5;35H[?12l[?25h[?25l[5;34H[K[24;66H4[5;34H[?12l[?25h[?25ll[24;66H5[5;35H[?12l[?25h[?25le[24;66H6[5;36H[?12l[?25h[?25l[24;66H7[5;37H[?12l[?25h[?25la[24;66H8[5;38H[?12l[?25h[?25lb[24;66H9[5;39H[?12l[?25h[?25lo[24;65H40[5;40H[?12l[?25h[?25lu[24;66H1[5;41H[?12l[?25h[?25lt[24;66H2[5;42H[?12l[?25h[?25l[24;66H3[5;43H[?12l[?25h[?25le[24;66H4[5;44H[?12l[?25h[?25ld[24;66H5[5;45H[?12l[?25h[?25li[24;66H6[5;46H[?12l[?25h[?25lt[24;66H7[5;47H[?12l[?25h[?25lt[24;66H8[5;48H[?12l[?25h[?25le[24;66H9[5;49H[?12l[?25h[?25lx[24;65H50[5;50H[?12l[?25h[?25lt[24;66H1[5;51H[?12l[?25h[?25l[24;66H2[5;52H[?12l[?25h[?25lw[24;66H3[5;53H[?12l[?25h[?25li[24;66H4[5;54H[?12l[?25h[?25lt[24;66H5[5;55H[?12l[?25h[?25lh[24;66H6[5;56H[?12l[?25h[?25l[24;66H7[5;57H[?12l[?25h[?25ls[24;66H8[5;58H[?12l[?25h[?25lc[24;66H9[5;59H[?12l[?25h[?25lri[24;65H61[5;61H[?12l[?25h[?25lp[24;66H2[5;62H[?12l[?25h[?25lt[24;66H3[5;63H[?12l[?25h[?25l[6;1H[K[24;63H6,1 [6;1H[?12l[?25h[?25la[24;65H2[6;2H[?12l[?25h[?25ln[24;65H3[6;3H[?12l[?25h[?25l[6;2H[K[24;65H2[6;2H[?12l[?25h[?25lb[24;65H3[6;3H[?12l[?25h[?25lo[24;65H4[6;4H[?12l[?25h[?25lu[24;65H5[6;5H[?12l[?25h[?25lt[24;65H6[6;6H[?12l[?25h[?25l[24;65H7[6;7H[?12l[?25h[?25la[24;65H8[6;8H[?12l[?25h[?25ld[24;65H9[6;9H[?12l[?25h[?25ld[24;65H10[6;10H[?12l[?25h[?25l[24;66H1[6;11H[?12l[?25h[?25li[24;66H2[6;12H[?12l[?25h[?25ln[24;66H3[6;13H[?12l[?25h[?25lt[24;66H4[6;14H[?12l[?25h[?25lo[24;66H5[6;15H[?12l[?25h[?25l[24;66H6[6;16H[?12l[?25h[?25lm[24;66H7[6;17H[?12l[?25h[?25ly[24;66H8[6;18H[?12l[?25h[?25l[24;66H9[6;19H[?12l[?25h[?25lr[24;65H20[6;20H[?12l[?25h[?25le[24;66H1[6;21H[?12l[?25h[?25lp[24;66H2[6;22H[?12l[?25h[?25lo[24;66H3[6;23H[?12l[?25h[?25ls[24;66H4[6;24H[?12l[?25h[?25li[24;66H5[6;25H[?12l[?25h[?25lt[24;66H6[6;26H[?12l[?25h[?25li[24;66H7[6;27H[?12l[?25h[?25lt[24;66H8[6;28H[?12l[?25h[?25ly[24;66H9[6;29H[?12l[?25h[?25l[6;28H[K[24;66H8[6;28H[?12l[?25h[?25l[6;27H[K[24;66H7[6;27H[?12l[?25h[?25l[6;26H[K[24;66H6[6;26H[?12l[?25h[?25lo[24;66H7[6;27H[?12l[?25h[?25lr[24;66H8[6;28H[?12l[?25h[?25ly[24;66H9[6;29H[?12l[?25h[?25l[7;1H[K[24;63H7,1 [7;1H[?12l[?25h[?25la[24;65H2[7;2H[?12l[?25h[?25lb[24;65H3[7;3H[?12l[?25h[?25lo[24;65H4[7;4H[?12l[?25h[?25lu[24;65H5[7;5H[?12l[?25h[?25lt[24;65H6[7;6H[?12l[?25h[?25l[24;65H7[7;7H[?12l[?25h[?25lg[24;65H8[7;8H[?12l[?25h[?25li[24;65H9[7;9H[?12l[?25h[?25lt[24;65H10[7;10H[?12l[?25h[?25l[24;66H1[7;11H[?12l[?25h[?25ls[24;66H2[7;12H[?12l[?25h[?25lt[24;66H3[7;13H[?12l[?25h[?25la[24;66H4[7;14H[?12l[?25h[?25lt[24;66H5[7;15H[?12l[?25h[?25lu[24;66H6[7;16H[?12l[?25h[?25ls[24;66H7[7;17H[?12l[?25h[?25l[24;66H8[7;18H[?12l[?25h[?25la[24;66H9[7;19H[?12l[?25h[?25lb[24;65H20[7;20H[?12l[?25h[?25lo[24;66H1[7;21H[?12l[?25h[?25lu[24;66H2[7;22H[?12l[?25h[?25lt[24;66H3[7;23H[?12l[?25h[?25l[24;66H4[7;24H[?12l[?25h[?25lf[24;66H5[7;25H[?12l[?25h[?25l[7;24H[K[24;66H4[7;24H[?12l[?25h[?25lg[24;66H5[7;25H[?12l[?25h[?25li[24;66H6[7;26H[?12l[?25h[?25lt[24;66H8[7;28H[?12l[?25h[?25lp[24;66H9[7;29H[?12l[?25h[?25lu[24;65H30[7;30H[?12l[?25h[?25ll[24;66H1[7;31H[?12l[?25h[?25ll[24;66H2[7;32H[?12l[?25h[?25l[24;66H3[7;33H[?12l[?25h[?25la[24;66H4[7;34H[?12l[?25h[?25ln[24;66H5[7;35H[?12l[?25h[?25ld[24;66H6[7;36H[?12l[?25h[?25l[24;66H7[7;37H[?12l[?25h[?25lg[24;66H8[7;38H[?12l[?25h[?25li[24;66H9[7;39H[?12l[?25h[?25lt[24;65H40[7;40H[?12l[?25h[?25l[24;66H1[7;41H[?12l[?25h[?25lp[24;66H2[7;42H[?12l[?25h[?25lu[24;66H3[7;43H[?12l[?25h[?25ls[24;66H4[7;44H[?12l[?25h[?25lh[24;66H5[7;45H[?12l[?25h[24;1H[K[7;44H[?25l[24;63H7,44[10CAll[7;44H[?12l[?25h[?25l[24;63H[K[24;1H:[?12l[?25hw[?25l[?12l[?25hq[?25l[?12l[?25h
[?25l"report.txt" [New] 7L, 316C written


[?1l>[?12l[?25h[?1049lmuhammad.zaini71@badak:~/OS172/week01$ ls -al
total 20
drwxr-xr-x  2 muhammad.zaini71 StafCS 4096 Sep  5 16:28 .
drwxr-xr-x 18 muhammad.zaini71 StafCS 4096 Sep  5 14:59 ..
-rw-r--r--  1 muhammad.zaini71 StafCS 1314 Sep  5 15:02 lab01.txt
-rw-r--r--  1 muhammad.zaini71 StafCS  316 Sep  5 16:28 report.txt
-rw-r--r--  1 muhammad.zaini71 StafCS  145 Sep  5 16:11 whyStudyOS.txt
muhammad.zaini71@badak:~/OS172/week01$ git add .
muhammad.zaini71@badak:~/OS172/week01$ git status
On branch master
Your branch is up-to-date with 'origin/master'.
Changes to be committed:
  (use "git reset HEAD <file>..." to unstage)

	[32mdeleted:    dummy[m
	[32mnew file:   report.txt[m

Changes not staged for commit:
  (use "git add/rm <file>..." to update what will be committed)
  (use "git checkout -- <file>..." to discard changes in working directory)

	[31mdeleted:    ../week00/dummy[m

Untracked files:
  (use "git add <file>..." to include in what will be committed)

	[31m../week00/report2.txt[m
	[31m../week00/reports.txt[m

muhammad.zaini71@badak:~/OS172/week01$ git status[1Padd .[3Pls -alvi report.txt[5Pgit pull[1Pls -allgit pullshllstatus[1Padd .rm -f dummypwd[Kgit pushllstatus[2Ppullcommit -m "buat file whyStudyOS"status[Kcommit -m "buat file whyStudyOS"[K[K[K[K[K[K[K[K[K[K[K[K[K[K[K[K[K[K[K[K[K[K[K[K[K[K[K[K[K[K[K[K[K[K[K[Kgit comu[Kmit -m 
error: switch `m' requires a value
usage: git commit [<options>] [--] <pathspec>...

    -q, --quiet           suppress summary after successful commit
    -v, --verbose         show diff in commit message template

Commit message options
    -F, --file <file>     read message from file
    --author <author>     override author for commit
    --date <date>         override date for commit
    -m, --message <message>
                          commit message
    -c, --reedit-message <commit>
                          reuse and edit message from specified commit
    -C, --reuse-message <commit>
                          reuse message from specified commit
    --fixup <commit>      use autosquash formatted message to fixup specified commit
    --squash <commit>     use autosquash formatted message to squash specified commit
    --reset-author        the commit is authored by me now (used with -C/-c/--amend)
    -s, --signoff         add Signed-off-by:
    -t, --template <file>
                          use specified template file
    -e, --edit            force edit of commit
    --cleanup <default>   how to strip spaces and #comments from message
    --status              include status in commit message template
    -S, --gpg-sign[=<key-id>]
                          GPG sign commit

Commit contents options
    -a, --all             commit all changed files
    -i, --include         add specified files to index for commit
    --interactive         interactively add files
    -p, --patch           interactively add changes
    -o, --only            commit only specified files
    -n, --no-verify       bypass pre-commit and commit-msg hooks
    --dry-run             show what would be committed
    --short               show status concisely
    --branch              show branch information
    --porcelain           machine-readable output
    --long                show status in long format (default)
    -z, --null            terminate entries with NUL
    --amend               amend previous commit
    --no-post-rewrite     bypass post-rewrite hook
    -u, --untracked-files[=<mode>]
                          show untracked files, optional modes: all, normal, no. (Default: all)

muhammad.zaini71@badak:~/OS172/week01$ ''[K[KWe must have an github account
-bash: We: command not found
muhammad.zaini71@badak:~/OS172/week01$ git commit "[K-m "coba ma[K[Kpush fi[K[K[K ke repository"
[master fb29bf2] coba push ke repository
 Committer: MUHAMMAD ZAINI DAHLAN A - 1706106841 <muhammad.zaini71@badak.cs.ui.ac.id>
Your name and email address were configured automatically based
on your username and hostname. Please check that they are accurate.
You can suppress this message by setting them explicitly. Run the
following command and follow the instructions in your editor to edit
your configuration file:

    git config --global --edit

After doing this, you may fix the identity used for this commit with:

    git commit --amend --reset-author

 2 files changed, 7 insertions(+)
 delete mode 100644 week01/dummy
 create mode 100644 week01/report.txt
muhammad.zaini71@badak:~/OS172/week01$ git push
Username for 'https://github.com': muhammadzaini89
Password for 'https://muhammadzaini89@github.com': 
Counting objects: 4, done.
Delta compression using up to 8 threads.
Compressing objects:  25% (1/4)   
Compressing objects:  50% (2/4)   
Compressing objects:  75% (3/4)   
Compressing objects: 100% (4/4)   
Compressing objects: 100% (4/4), done.
Writing objects:  25% (1/4)   
Writing objects:  50% (2/4)   
Writing objects:  75% (3/4)   
Writing objects: 100% (4/4)   
Writing objects: 100% (4/4), 585 bytes | 0 bytes/s, done.
Total 4 (delta 1), reused 0 (delta 0)
remote: Resolving deltas:   0% (0/1)   [K
remote: Resolving deltas: 100% (1/1)   [K
remote: Resolving deltas: 100% (1/1), completed with 1 local object.[K
To https://github.com/muhammadzaini89/OS172.git
   18d5a52..fb29bf2  master -> master
muhammad.zaini71@badak:~/OS172/week01$ git pull
Already up-to-date.
muhammad.zaini71@badak:~/OS172/week01$ vi scri[K[K[K[Kcod[K[K[Kkodep[K per[K[K[K[K-perintah0[K-waktu.txt
[?1049h[?1h=[2;1Hâ–½[6n[2;1H  [1;1H[1;24r[?12;25h[?12l[?25h[27m[23m[m[H[2J[?25l[24;1H"kode-perintah-waktu.txt" [New File][>c[2;1H[1m[34m~                                                                               [3;1H~                                                                               [4;1H~                                                                               [5;1H~                                                                               [6;1H~                                                                               [7;1H~                                                                               [8;1H~                                                                               [9;1H~                                                                               [10;1H~                                                                               [11;1H~                                                                               [12;1H~                                                                               [13;1H~                                                                               [14;1H~                                                                               [15;1H~                                                                               [16;1H~                                                                               [17;1H~                                                                               [18;1H~                                                                               [19;1H~                                                                               [20;1H~                                                                               [21;1H~                                                                               [22;1H~                                                                               [23;1H~                                                                               [m[24;63H0,0-1[9CAll[1;1H[?12l[?25h[?25l[24;1H[1m-- INSERT --[m[24;13H[K[24;63H0,1[11CAll[1;1Hi[24;63H1,2[1;2H[?12l[?25h[24;1H[K[1;1H[?25l[24;63H1,1[11CAll[1;1H[?12l[?25h[?25l[24;63H[K[24;1H:[15;1H[7mkode-perintah-waktu.txt [+]                                   1,1            All[m[16;1H[1m[34m:[m::::::::iii[16;13H[K[17;1H[1m[34m:[mwq[17;4H[K[18;1H[1m[34m:[m[18;2H[K[19;1H[1m[34m:
:
:
:[19;2H~
:~
:~
:~[m
[1m[7m[Command Line]                                                3,0-1          All[18;2H[?12l[?25h[?25l[m[24;1H[1m-- INSERT --[m[23;65H[1m[7m1   [18;2H[?12l[?25h[?25l[mi[23;65H[1m[7m2 [18;3H[?12l[?25h[?25l[m\[23;65H[1m[7m3 [18;4H[?12l[?25h[?25l[m[18;3H[K[23;65H[1m[7m2 [18;3H[?12l[?25h[?25l[m[18;2H[K[23;65H[1m[7m1 [18;2H[?12l[?25h[?25l[m[1m[34m~                                                                              [m[23;63H[1m[7m2,3 [17;4H[?12l[?25h[?25l[m[17;3H[K[23;65H[1m[7m2 [17;3H[?12l[?25h[?25l[m[17;2H[K[23;65H[1m[7m1 [17;2H[?12l[?25h[m[24;1H[K[17;2H[?25l[23;65H[1m[7m0-1[17;2H[?12l[?25h[?25l[24;1H[m:[?12l[?25hw[?25l[?12l[?25hq[?25l[?12l[?25h
[?25l[1m[37m[41mE11: Invalid in command-line window; <CR> executes, CTRL-C quits[17;2H[?12l[?25h[?25l[m[24;1H:[1m[37m[41m1[m[24;2H[K[24;2H[?12l[?25hq[?25l[?12l[?25hu[?25l[?12l[?25hi[?25l[?12l[?25ht[?25l[?12l[?25h
[?25l[1m[37m[41mE37: No write since last change (add ! to override)[m[15;1H[1m[34m~                                                                               [16;1H~                                                                               [17;1H~                                                                               [18;1H~  
~  
~  
~  
~  
~                                                                               [m[24;63H1,1[11CAll[1;1H[?12l[?25h[?25l[24;1H[K[24;1H:[?12l[?25hw[?25l[?12l[?25hq[?25l[?12l[?25h
[?25l"kode-perintah-waktu.txt" [New] 1L, 2C written


[?1l>[?12l[?25h[?1049lmuhammad.zaini71@badak:~/OS172/week01$ vi kode-perintah-waktu.txt
[?1049h[?1h=[2;1Hâ–½[6n[2;1H  [1;1H[1;24r[?12;25h[?12l[?25h[27m[23m[m[H[2J[?25l[24;1H"kode-perintah-waktu.txt" 1L, 2C[>c[1;1Hi
[1m[34m~                                                                               [3;1H~                                                                               [4;1H~                                                                               [5;1H~                                                                               [6;1H~                                                                               [7;1H~                                                                               [8;1H~                                                                               [9;1H~                                                                               [10;1H~                                                                               [11;1H~                                                                               [12;1H~                                                                               [13;1H~                                                                               [14;1H~                                                                               [15;1H~                                                                               [16;1H~                                                                               [17;1H~                                                                               [18;1H~                                                                               [19;1H~                                                                               [20;1H~                                                                               [21;1H~                                                                               [22;1H~                                                                               [23;1H~                                                                               [m[24;63H1,1[11CAll[1;1H[?12l[?25h[?25l[24;1H[1m-- INSERT --[m[24;13H[K[24;63H1,1[11CAll[1;1H[?12l[?25h[24;1H[K[1;1H[?25l[24;63H1,1[11CAll[1;1H[?12l[?25h[?25l[24;63H[K[24;1H:[?12l[?25hw[?25l[?12l[?25hq[?25l[?12l[?25h
[?25l"kode-perintah-waktu.txt" 1L, 2C written


[?1l>[?12l[?25h[?1049lmuhammad.zaini71@badak:~/OS172/week01$ vi kode-perintah-waktu.txt[K[K[Ksh
[?1049h[?1h=[2;1Hâ–½[6n[2;1H  [1;1H[1;24r[?12;25h[?12l[?25h[27m[23m[m[H[2J[?25l[24;1H"kode-perintah-waktu.sh" [New File][>c[2;1H[1m[34m~                                                                               [3;1H~                                                                               [4;1H~                                                                               [5;1H~                                                                               [6;1H~                                                                               [7;1H~                                                                               [8;1H~                                                                               [9;1H~                                                                               [10;1H~                                                                               [11;1H~                                                                               [12;1H~                                                                               [13;1H~                                                                               [14;1H~                                                                               [15;1H~                                                                               [16;1H~                                                                               [17;1H~                                                                               [18;1H~                                                                               [19;1H~                                                                               [20;1H~                                                                               [21;1H~                                                                               [22;1H~                                                                               [23;1H~                                                                               [m[24;63H0,0-1[9CAll[1;1H[?12l[?25h[?25l[24;1H[1m[37m[41mE348: No string under cursor[m[24;29H[K[24;63H0,0-1[9CAll[1;1H[?12l[?25h[?25l[24;1H[1m--[m[1m[37m[41m4[m[1m INSERT --[m[1m[37m[41mi[m[24;13H[K[24;63H0,1[11CAll[1;1H[?12l[?25h[?25l#[24;63H1,2[1;2H[?12l[?25h[?25l![24;65H3[1;3H[?12l[?25h[?25l[24;65H4[1;4H[?12l[?25h[?25l[24;65H3[1;3H[?12l[?25h[?25l/[24;65H4[1;4H[?12l[?25h[?25lb[24;65H5[1;5H[?12l[?25h[?25li[24;65H6[1;6H[?12l[?25h[?25ln[24;65H7[1;7H[?12l[?25h[?25l/[24;65H8[1;8H[?12l[?25h[?25lb[24;65H9[1;9H[?12l[?25h[?25las[24;65H11[1;11H[?12l[?25h[?25lh[24;66H2[1;12H[?12l[?25h[?25l[2;1H[K[24;63H2,1 [2;1H[?12l[?25h[?25lD[24;65H2[2;2H[?12l[?25h[?25lA[24;65H3[2;3H[?12l[?25h[?25lR[24;65H4[2;4H[?12l[?25h[?25l[2;3H[K[24;65H3[2;3H[?12l[?25h[?25lT[24;65H4[2;4H[?12l[?25h[?25lW[24;65H5[2;5H[?12l[?25h[?25l[2;4H[K[24;65H4[2;4H[?12l[?25h[?25lE[24;65H5[2;5H[?12l[?25h[?25l=[24;65H6[2;6H[?12l[?25h[?25l[24;65H7[2;7H[?12l[?25h[?25l[24;65H6[2;6H[?12l[?25h[?25l1[24;65H7[2;7H[?12l[?25h[?25l[2;6H[K[24;65H6[2;6H[?12l[?25h[?25l~[24;65H7[2;7H[?12l[?25h[?25l[2;6H[K[24;65H6[2;6H[?12l[?25h[?25l[2;5H[K[24;65H5[2;5H[?12l[?25h[?25l=[24;65H6[2;6H[?12l[?25h[?25l'[24;65H7[2;7H[?12l[?25h[?25l[2;6H[K[24;65H6[2;6H[?12l[?25h[?25l/[24;65H7[2;7H[?12l[?25h[?25l?[24;65H8[2;8H[?12l[?25h[?25l.[24;65H9[2;9H[?12l[?25h[?25l>[24;65H10[2;10H[?12l[?25h[?25l'[24;66H1[2;11H[?12l[?25h[?25l"[24;66H2[2;12H[?12l[?25h[?25l:[24;66H3[2;13H[?12l[?25h[?25l;[24;66H4[2;14H[?12l[?25h[?25l}[24;66H5[2;15H[?12l[?25h[?25l{[24;66H6[2;16H[?12l[?25h[?25l[[24;66H7[2;17H[?12l[?25h[?25l[46m[][m[24;66H8[2;18H[?12l[?25h[?25l[]\[24;66H9[2;19H[?12l[?25h[?25l|[24;65H20[2;20H[?12l[?25h[?25l~[24;66H1[2;21H[?12l[?25h[?25l`[24;66H2[2;22H[?12l[?25h[?25l[2;21H[K[24;66H1[2;21H[?12l[?25h[?25l[2;20H[K[24;66H0[2;20H[?12l[?25h[?25l[2;19H[K[24;65H19[2;19H[?12l[?25h[?25l[46m[][m[2;18H[K[24;66H8[2;18H[?12l[?25h[?25l[[2;17H[K[24;66H7[2;17H[?12l[?25h[?25l[2;16H[K[24;66H6[2;16H[?12l[?25h[?25l[2;15H[K[24;66H5[2;15H[?12l[?25h[?25l[2;14H[K[24;66H4[2;14H[?12l[?25h[?25l[2;13H[K[24;66H3[2;13H[?12l[?25h[?25l[2;12H[K[24;66H2[2;12H[?12l[?25h[?25l[2;11H[K[24;66H1[2;11H[?12l[?25h[?25l[2;10H[K[24;66H0[2;10H[?12l[?25h[?25l[2;9H[K[24;65H9 [2;9H[?12l[?25h[?25l[2;8H[K[24;65H8[2;8H[?12l[?25h[?25l[2;7H[K[24;65H7[2;7H[?12l[?25h[?25l[2;6H[K[24;65H6[2;6H[?12l[?25h[?25l`[24;65H7[2;7H[?12l[?25h[?25ld[24;65H8[2;8H[?12l[?25h[?25la[24;65H9[2;9H[?12l[?25h[?25lt[24;65H10[2;10H[?12l[?25h[?25le[24;66H1[2;11H[?12l[?25h[?25l[24;66H2[2;12H[?12l[?25h[?25l+[24;66H3[2;13H[?12l[?25h[?25l[24;66H4[2;14H[?12l[?25h[?25l[24;66H [2;1H[?12l[?25h[?25l[24;65H2[2;2H[?12l[?25h[?25l[24;65H3[2;3H[?12l[?25h[?25l[24;65H4[2;4H[?12l[?25h[?25l[24;65H5[2;5H[?12l[?25h[?25l[24;65H6[2;6H[?12l[?25h[?25l[24;65H7[2;7H[?12l[?25h[?25l[24;65H8[2;8H[?12l[?25h[?25l[24;65H9[2;9H[?12l[?25h[?25l[24;65H10[2;10H[?12l[?25h[?25l[24;66H1[2;11H[?12l[?25h[?25l[24;66H2[2;12H[?12l[?25h[?25l[24;66H3[2;13H[?12l[?25h[?25l[24;66H4[2;14H[?12l[?25h[?25l[24;66H3[2;13H[?12l[?25h[?25l[24;66H4[2;14H[?12l[?25h[?25l[24;66H3[2;13H[?12l[?25h[?25l%[24;66H4[2;14H[?12l[?25h[?25ld[24;66H5[2;15H[?12l[?25h[?25l\[24;66H6[2;16H[?12l[?25h[?25l[24;66H7[2;17H[?12l[?25h[?25l%[24;66H8[2;18H[?12l[?25h[?25lb[24;66H9[2;19H[?12l[?25h[?25l\[24;65H20[2;20H[?12l[?25h[?25l[24;66H1[2;21H[?12l[?25h[?25l%[24;66H2[2;22H[?12l[?25h[?25ly[24;66H3[2;23H[?12l[?25h[?25l\[24;66H4[2;24H[?12l[?25h[?25l[2;23H[K[24;66H3[2;23H[?12l[?25h[?25l[2;22H[K[24;66H2[2;22H[?12l[?25h[?25lY[24;66H3[2;23H[?12l[?25h[?25l\[24;66H4[2;24H[?12l[?25h[?25l[24;66H5[2;25H[?12l[?25h[?25la[24;66H6[2;26H[?12l[?25h[?25lt[24;66H7[2;27H[?12l[?25h[?25l\[24;66H8[2;28H[?12l[?25h[?25l[24;66H9[2;29H[?12l[?25h[?25l%[24;65H30[2;30H[?12l[?25h[?25lH[24;66H1[2;31H[?12l[?25h[?25l\[24;66H2[2;32H[?12l[?25h[?25l[24;66H3[2;33H[?12l[?25h[?25l[24;66H2[2;32H[?12l[?25h[?25l:[24;66H3[2;33H[?12l[?25h[?25l%[24;66H4[2;34H[?12l[?25h[?25lm[24;66H5[2;35H[?12l[?25h[?25l[2;34H[K[24;66H4[2;34H[?12l[?25h[?25lM[24;66H5[2;35H[?12l[?25h[?25l:[24;66H6[2;36H[?12l[?25h[?25l%[24;66H7[2;37H[?12l[?25h[?25lS[24;66H8[2;38H[?12l[?25h[?25l`[24;66H9[2;39H[?12l[?25h[?25l[3;1H[K[24;63H3,1 [3;1H[?12l[?25h[?25lw[24;65H2[3;2H[?12l[?25h[?25lc[24;65H3[3;3H[?12l[?25h[?25lh[24;65H4[3;4H[?12l[?25h[?25lo[24;65H5[3;5H[?12l[?25h[?25l[24;65H6[3;6H[?12l[?25h[?25l[24;65H5[3;5H[?12l[?25h[?25l[3;4H[K[24;65H4[3;4H[?12l[?25h[?25l[3;3H[K[24;65H3[3;3H[?12l[?25h[?25l[3;2H[K[24;65H2[3;2H[?12l[?25h[?25l[3;1H[K[24;65H1[3;1H[?12l[?25h[?25le[24;65H2[3;2H[?12l[?25h[?25lc[24;65H3[3;3H[?12l[?25h[?25lh[24;65H4[3;4H[?12l[?25h[?25lo[24;65H5[3;5H[?12l[?25h[?25l[24;65H6[3;6H[?12l[?25h[?25l"[24;65H7[3;7H[?12l[?25h[?25lT[24;65H8[3;8H[?12l[?25h[?25lo[24;65H9[3;9H[?12l[?25h[?25ld[24;65H10[3;10H[?12l[?25h[?25la[24;66H1[3;11H[?12l[?25h[?25ly[24;66H2[3;12H[?12l[?25h[?25l[24;66H3[3;13H[?12l[?25h[?25li[24;66H4[3;14H[?12l[?25h[?25ls[24;66H5[3;15H[?12l[?25h[?25l[24;66H6[3;16H[?12l[?25h[?25l$[24;66H7[3;17H[?12l[?25h[?25lD[24;66H8[3;18H[?12l[?25h[?25lA[24;66H9[3;19H[?12l[?25h[?25lT[24;65H20[3;20H[?12l[?25h[?25lE[24;66H1[3;21H[?12l[?25h[?25l"[24;66H2[3;22H[?12l[?25h[?25l[4;1H[K[24;63H4,1 [4;1H[?12l[?25h[?25lw[24;65H2[4;2H[?12l[?25h[?25l[4;1H[K[24;65H1[4;1H[?12l[?25h[?25le[24;65H2[4;2H[?12l[?25h[?25lx[24;65H3[4;3H[?12l[?25h[?25li[24;65H4[4;4H[?12l[?25h[?25lt[24;65H5[4;5H[?12l[?25h[?25l[24;65H6[4;6H[?12l[?25h[?25l0[24;65H7[4;7H[?12l[?25h[?25lo[24;65H8[4;8H[?12l[?25h[?25l[4;7H[K[24;65H7[4;7H[?12l[?25h[24;1H[K[4;6H[?25l[24;63H4,6[11CAll[4;6H[?12l[?25h[?25l[24;63H[K[24;1H:[?12l[?25hw[?25l[?12l[?25hq[?25l[?12l[?25h
[?25l"kode-perintah-waktu.sh" [New] 4L, 80C written


[?1l>[?12l[?25h[?1049lmuhammad.zaini71@badak:~/OS172/week01$ chmod +x w[Kkode-perintah-waktu.sh
muhammad.zaini71@badak:~/OS172/week01$ ./what[K[K[K[Kkode-perintah-waktu.sh >> lab01.txt
muhammad.zaini71@badak:~/OS172/week01$ cat lab01.txt
total 76
drwxr-xr-x 18 muhammad.zaini71 StafCS 4096 Sep  5 14:56 .
drwx--x--x  4 muhammad.zaini71 StafCS 4096 Sep  5 14:53 ..
drwxr-xr-x  8 muhammad.zaini71 StafCS 4096 Sep  5 14:55 .git
drwxr-xr-x  2 muhammad.zaini71 StafCS 4096 Sep  5 14:25 key
-rw-r--r--  1 muhammad.zaini71 StafCS    0 Sep  5 14:58 lab01.txt
drwxr-xr-x  2 muhammad.zaini71 StafCS 4096 Sep  5 14:24 log
-rw-r--r--  1 muhammad.zaini71 StafCS    7 Sep  5 14:09 README.md
drwxr-xr-x  2 muhammad.zaini71 StafCS 4096 Sep  5 14:34 sandbox
drwxr-xr-x  2 muhammad.zaini71 StafCS 4096 Sep  5 14:55 week00
drwxr-xr-x  2 muhammad.zaini71 StafCS 4096 Sep  5 14:22 week01
drwxr-xr-x  2 muhammad.zaini71 StafCS 4096 Sep  5 14:22 week02
drwxr-xr-x  2 muhammad.zaini71 StafCS 4096 Sep  5 14:22 week03
drwxr-xr-x  2 muhammad.zaini71 StafCS 4096 Sep  5 14:23 week04
drwxr-xr-x  2 muhammad.zaini71 StafCS 4096 Sep  5 14:23 week05
drwxr-xr-x  2 muhammad.zaini71 StafCS 4096 Sep  5 14:23 week06
drwxr-xr-x  2 muhammad.zaini71 StafCS 4096 Sep  5 14:23 week07
drwxr-xr-x  2 muhammad.zaini71 StafCS 4096 Sep  5 14:23 week08
drwxr-xr-x  2 muhammad.zaini71 StafCS 4096 Sep  5 14:24 week09
drwxr-xr-x  2 muhammad.zaini71 StafCS 4096 Sep  5 14:24 week10
drwxr-xr-x  2 muhammad.zaini71 StafCS 4096 Sep  5 14:25 xtra
/home/fasilkom/mahasiswa/m/muhammad.zaini71/OS172/week01
Today is 05 Sep 2017 at 16:39:25
muhammad.zaini71@badak:~/OS172/week01$ more lab01.txt
total 76
drwxr-xr-x 18 muhammad.zaini71 StafCS 4096 Sep  5 14:56 .
drwx--x--x  4 muhammad.zaini71 StafCS 4096 Sep  5 14:53 ..
drwxr-xr-x  8 muhammad.zaini71 StafCS 4096 Sep  5 14:55 .git
drwxr-xr-x  2 muhammad.zaini71 StafCS 4096 Sep  5 14:25 key
-rw-r--r--  1 muhammad.zaini71 StafCS    0 Sep  5 14:58 lab01.txt
drwxr-xr-x  2 muhammad.zaini71 StafCS 4096 Sep  5 14:24 log
-rw-r--r--  1 muhammad.zaini71 StafCS    7 Sep  5 14:09 README.md
drwxr-xr-x  2 muhammad.zaini71 StafCS 4096 Sep  5 14:34 sandbox
drwxr-xr-x  2 muhammad.zaini71 StafCS 4096 Sep  5 14:55 week00
drwxr-xr-x  2 muhammad.zaini71 StafCS 4096 Sep  5 14:22 week01
drwxr-xr-x  2 muhammad.zaini71 StafCS 4096 Sep  5 14:22 week02
drwxr-xr-x  2 muhammad.zaini71 StafCS 4096 Sep  5 14:22 week03
drwxr-xr-x  2 muhammad.zaini71 StafCS 4096 Sep  5 14:23 week04
drwxr-xr-x  2 muhammad.zaini71 StafCS 4096 Sep  5 14:23 week05
drwxr-xr-x  2 muhammad.zaini71 StafCS 4096 Sep  5 14:23 week06
drwxr-xr-x  2 muhammad.zaini71 StafCS 4096 Sep  5 14:23 week07
drwxr-xr-x  2 muhammad.zaini71 StafCS 4096 Sep  5 14:23 week08
drwxr-xr-x  2 muhammad.zaini71 StafCS 4096 Sep  5 14:24 week09
drwxr-xr-x  2 muhammad.zaini71 StafCS 4096 Sep  5 14:24 week10
drwxr-xr-x  2 muhammad.zaini71 StafCS 4096 Sep  5 14:25 xtra
/home/fasilkom/mahasiswa/m/muhammad.zaini71/OS172/week01
Today is 05 Sep 2017 at 16:39:25
muhammad.zaini71@badak:~/OS172/week01$ more lab01.txt
total 76
drwxr-xr-x 18 muhammad.zaini71 StafCS 4096 Sep  5 14:56 .
drwx--x--x  4 muhammad.zaini71 StafCS 4096 Sep  5 14:53 ..
drwxr-xr-x  8 muhammad.zaini71 StafCS 4096 Sep  5 14:55 .git
drwxr-xr-x  2 muhammad.zaini71 StafCS 4096 Sep  5 14:25 key
-rw-r--r--  1 muhammad.zaini71 StafCS    0 Sep  5 14:58 lab01.txt
drwxr-xr-x  2 muhammad.zaini71 StafCS 4096 Sep  5 14:24 log
-rw-r--r--  1 muhammad.zaini71 StafCS    7 Sep  5 14:09 README.md
drwxr-xr-x  2 muhammad.zaini71 StafCS 4096 Sep  5 14:34 sandbox
drwxr-xr-x  2 muhammad.zaini71 StafCS 4096 Sep  5 14:55 week00
drwxr-xr-x  2 muhammad.zaini71 StafCS 4096 Sep  5 14:22 week01
drwxr-xr-x  2 muhammad.zaini71 StafCS 4096 Sep  5 14:22 week02
drwxr-xr-x  2 muhammad.zaini71 StafCS 4096 Sep  5 14:22 week03
drwxr-xr-x  2 muhammad.zaini71 StafCS 4096 Sep  5 14:23 week04
drwxr-xr-x  2 muhammad.zaini71 StafCS 4096 Sep  5 14:23 week05
drwxr-xr-x  2 muhammad.zaini71 StafCS 4096 Sep  5 14:23 week06
drwxr-xr-x  2 muhammad.zaini71 StafCS 4096 Sep  5 14:23 week07
drwxr-xr-x  2 muhammad.zaini71 StafCS 4096 Sep  5 14:23 week08
drwxr-xr-x  2 muhammad.zaini71 StafCS 4096 Sep  5 14:24 week09
drwxr-xr-x  2 muhammad.zaini71 StafCS 4096 Sep  5 14:24 week10
drwxr-xr-x  2 muhammad.zaini71 StafCS 4096 Sep  5 14:25 xtra
/home/fasilkom/mahasiswa/m/muhammad.zaini71/OS172/week01
Today is 05 Sep 2017 at 16:39:25
muhammad.zaini71@badak:~/OS172/week01$ more

Usage:
 more [options] <file>...

Options:
 -d          display help instead of ringing bell
 -f          count logical rather than screen lines
 -l          suppress pause after form feed
 -c          do not scroll, display text and clean line ends
 -p          do not scroll, clean screen and display text
 -s          squeeze multiple blank lines into one
 -u          suppress underlining
 -<number>   the number of lines per screenful
 +<number>   display file beginning from line number
 +/<string>  display file beginning from search string match
 -V          display version information and exit

For more details see more(1).
muhammad.zaini71@badak:~/OS172/week01$ more -d lab01.txt
total 76
drwxr-xr-x 18 muhammad.zaini71 StafCS 4096 Sep  5 14:56 .
drwx--x--x  4 muhammad.zaini71 StafCS 4096 Sep  5 14:53 ..
drwxr-xr-x  8 muhammad.zaini71 StafCS 4096 Sep  5 14:55 .git
drwxr-xr-x  2 muhammad.zaini71 StafCS 4096 Sep  5 14:25 key
-rw-r--r--  1 muhammad.zaini71 StafCS    0 Sep  5 14:58 lab01.txt
drwxr-xr-x  2 muhammad.zaini71 StafCS 4096 Sep  5 14:24 log
-rw-r--r--  1 muhammad.zaini71 StafCS    7 Sep  5 14:09 README.md
drwxr-xr-x  2 muhammad.zaini71 StafCS 4096 Sep  5 14:34 sandbox
drwxr-xr-x  2 muhammad.zaini71 StafCS 4096 Sep  5 14:55 week00
drwxr-xr-x  2 muhammad.zaini71 StafCS 4096 Sep  5 14:22 week01
drwxr-xr-x  2 muhammad.zaini71 StafCS 4096 Sep  5 14:22 week02
drwxr-xr-x  2 muhammad.zaini71 StafCS 4096 Sep  5 14:22 week03
drwxr-xr-x  2 muhammad.zaini71 StafCS 4096 Sep  5 14:23 week04
drwxr-xr-x  2 muhammad.zaini71 StafCS 4096 Sep  5 14:23 week05
drwxr-xr-x  2 muhammad.zaini71 StafCS 4096 Sep  5 14:23 week06
drwxr-xr-x  2 muhammad.zaini71 StafCS 4096 Sep  5 14:23 week07
drwxr-xr-x  2 muhammad.zaini71 StafCS 4096 Sep  5 14:23 week08
drwxr-xr-x  2 muhammad.zaini71 StafCS 4096 Sep  5 14:24 week09
drwxr-xr-x  2 muhammad.zaini71 StafCS 4096 Sep  5 14:24 week10
drwxr-xr-x  2 muhammad.zaini71 StafCS 4096 Sep  5 14:25 xtra
/home/fasilkom/mahasiswa/m/muhammad.zaini71/OS172/week01
Today is 05 Sep 2017 at 16:39:25
muhammad.zaini71@badak:~/OS172/week01$ more -d lab01.txt
total 76
drwxr-xr-x 18 muhammad.zaini71 StafCS 4096 Sep  5 14:56 .
drwx--x--x  4 muhammad.zaini71 StafCS 4096 Sep  5 14:53 ..
drwxr-xr-x  8 muhammad.zaini71 StafCS 4096 Sep  5 14:55 .git
drwxr-xr-x  2 muhammad.zaini71 StafCS 4096 Sep  5 14:25 key
-rw-r--r--  1 muhammad.zaini71 StafCS    0 Sep  5 14:58 lab01.txt
drwxr-xr-x  2 muhammad.zaini71 StafCS 4096 Sep  5 14:24 log
-rw-r--r--  1 muhammad.zaini71 StafCS    7 Sep  5 14:09 README.md
drwxr-xr-x  2 muhammad.zaini71 StafCS 4096 Sep  5 14:34 sandbox
drwxr-xr-x  2 muhammad.zaini71 StafCS 4096 Sep  5 14:55 week00
drwxr-xr-x  2 muhammad.zaini71 StafCS 4096 Sep  5 14:22 week01
drwxr-xr-x  2 muhammad.zaini71 StafCS 4096 Sep  5 14:22 week02
drwxr-xr-x  2 muhammad.zaini71 StafCS 4096 Sep  5 14:22 week03
drwxr-xr-x  2 muhammad.zaini71 StafCS 4096 Sep  5 14:23 week04
drwxr-xr-x  2 muhammad.zaini71 StafCS 4096 Sep  5 14:23 week05
drwxr-xr-x  2 muhammad.zaini71 StafCS 4096 Sep  5 14:23 week06
drwxr-xr-x  2 muhammad.zaini71 StafCS 4096 Sep  5 14:23 week07
drwxr-xr-x  2 muhammad.zaini71 StafCS 4096 Sep  5 14:23 week08
drwxr-xr-x  2 muhammad.zaini71 StafCS 4096 Sep  5 14:24 week09
drwxr-xr-x  2 muhammad.zaini71 StafCS 4096 Sep  5 14:24 week10
drwxr-xr-x  2 muhammad.zaini71 StafCS 4096 Sep  5 14:25 xtra
/home/fasilkom/mahasiswa/m/muhammad.zaini71/OS172/week01
Today is 05 Sep 2017 at 16:39:25
muhammad.zaini71@badak:~/OS172/week01$ more -d lab01.txt[K[K[K[K[K[K[K[K[K[K[K[K[K[K[K[K[Kcd ..
muhammad.zaini71@badak:~/OS172$ cd log
muhammad.zaini71@badak:~/OS172/log$ ls -al
total 8
drwxr-xr-x  2 muhammad.zaini71 StafCS 4096 Sep  5 14:24 .
drwxr-xr-x 18 muhammad.zaini71 StafCS 4096 Sep  5 14:59 ..
-rw-r--r--  1 muhammad.zaini71 StafCS    0 Sep  5 14:24 dummy
muhammad.zaini71@badak:~/OS172/log$ rm -g[Kf dummy
muhammad.zaini71@badak:~/OS172/log$ cd..[K[K ..
muhammad.zaini71@badak:~/OS172$ git add .
muhammad.zaini71@badak:~/OS172$ git star[Ktus
On branch master
Your branch is up-to-date with 'origin/master'.
Changes to be committed:
  (use "git reset HEAD <file>..." to unstage)

	[32mdeleted:    log/dummy[m
	[32mdeleted:    week00/dummy[m
	[32mnew file:   week00/report2.txt[m
	[32mnew file:   week00/reports.txt[m
	[32mnew file:   week01/kode-perintah-waktu.sh[m
	[32mnew file:   week01/kode-perintah-waktu.txt[m
	[32mmodified:   week01/lab01.txt[m

muhammad.zaini71@badak:~/OS172$ git.comma[K[K[K[K[K[K commit -m "perintah waktu"
[master 1447ed1] perintah waktu
 Committer: MUHAMMAD ZAINI DAHLAN A - 1706106841 <muhammad.zaini71@badak.cs.ui.ac.id>
Your name and email address were configured automatically based
on your username and hostname. Please check that they are accurate.
You can suppress this message by setting them explicitly. Run the
following command and follow the instructions in your editor to edit
your configuration file:

    git config --global --edit

After doing this, you may fix the identity used for this commit with:

    git commit --amend --reset-author

 7 files changed, 8 insertions(+)
 delete mode 100644 log/dummy
 delete mode 100644 week00/dummy
 create mode 100644 week00/report2.txt
 create mode 100644 week00/reports.txt
 create mode 100755 week01/kode-perintah-waktu.sh
 create mode 100644 week01/kode-perintah-waktu.txt
muhammad.zaini71@badak:~/OS172$ git pull
Already up-to-date.
muhammad.zaini71@badak:~/OS172$ git push
Username for 'https://github.com': muhammadzaini89
Password for 'https://muhammadzaini89@github.com': 
Counting objects: 9, done.
Delta compression using up to 8 threads.
Compressing objects:  16% (1/6)   
Compressing objects:  33% (2/6)   
Compressing objects:  50% (3/6)   
Compressing objects:  66% (4/6)   
Compressing objects:  83% (5/6)   
Compressing objects: 100% (6/6)   
Compressing objects: 100% (6/6), done.
Writing objects:  11% (1/9)   
Writing objects:  22% (2/9)   
Writing objects:  33% (3/9)   
Writing objects:  44% (4/9)   
Writing objects:  55% (5/9)   
Writing objects:  66% (6/9)   
Writing objects:  77% (7/9)   
Writing objects:  88% (8/9)   
Writing objects: 100% (9/9)   
Writing objects: 100% (9/9), 854 bytes | 0 bytes/s, done.
Total 9 (delta 2), reused 0 (delta 0)
remote: Resolving deltas:   0% (0/2)   [K
remote: Resolving deltas:  50% (1/2)   [K
remote: Resolving deltas: 100% (2/2)   [K
remote: Resolving deltas: 100% (2/2), completed with 2 local objects.[K
To https://github.com/muhammadzaini89/OS172.git
   fb29bf2..1447ed1  master -> master
muhammad.zaini71@badak:~/OS172$ git puu[Kll
Already up-to-date.
muhammad.zaini71@badak:~/OS172$ cd log
muhammad.zaini71@badak:~/OS172/log$ g[Kgit add
Nothing specified, nothing added.
Maybe you wanted to say 'git add .'?
muhammad.zaini71@badak:~/OS172/log$ cd ..
muhammad.zaini71@badak:~/OS172$ git add log
muhammad.zaini71@badak:~/OS172$ git sa[Ktatus
On branch master
Your branch is up-to-date with 'origin/master'.
nothing to commit, working tree clean
muhammad.zaini71@badak:~/OS172$ git pull
Already up-to-date.
muhammad.zaini71@badak:~/OS172$ git push
Username for 'https://github.com': muhammdzaz    adzaini89
Password for 'https://muhammadzaini89@github.com': 
Everything up-to-date
muhammad.zaini71@badak:~/OS172$ git pull
Already up-to-date.
muhammad.zaini71@badak:~/OS172$ ls -al
total 76
drwxr-xr-x 18 muhammad.zaini71 StafCS 4096 Sep  5 14:59 .
drwx--x--x  4 muhammad.zaini71 StafCS 4096 Sep  5 16:38 ..
drwxr-xr-x  8 muhammad.zaini71 StafCS 4096 Sep  5 16:55 .git
drwxr-xr-x  2 muhammad.zaini71 StafCS 4096 Sep  5 14:25 key
drwxr-xr-x  2 muhammad.zaini71 StafCS 4096 Sep  5 16:50 log
-rw-r--r--  1 muhammad.zaini71 StafCS    7 Sep  5 14:09 README.md
drwxr-xr-x  2 muhammad.zaini71 StafCS 4096 Sep  5 14:34 sandbox
drwxr-xr-x  2 muhammad.zaini71 StafCS 4096 Sep  5 14:55 week00
drwxr-xr-x  2 muhammad.zaini71 StafCS 4096 Sep  5 16:38 week01
drwxr-xr-x  2 muhammad.zaini71 StafCS 4096 Sep  5 14:22 week02
drwxr-xr-x  2 muhammad.zaini71 StafCS 4096 Sep  5 14:22 week03
drwxr-xr-x  2 muhammad.zaini71 StafCS 4096 Sep  5 14:23 week04
drwxr-xr-x  2 muhammad.zaini71 StafCS 4096 Sep  5 14:23 week05
drwxr-xr-x  2 muhammad.zaini71 StafCS 4096 Sep  5 14:23 week06
drwxr-xr-x  2 muhammad.zaini71 StafCS 4096 Sep  5 14:23 week07
drwxr-xr-x  2 muhammad.zaini71 StafCS 4096 Sep  5 14:23 week08
drwxr-xr-x  2 muhammad.zaini71 StafCS 4096 Sep  5 14:24 week09
drwxr-xr-x  2 muhammad.zaini71 StafCS 4096 Sep  5 14:24 week10
drwxr-xr-x  2 muhammad.zaini71 StafCS 4096 Sep  5 14:25 xtra
muhammad.zaini71@badak:~/OS172$ touch log.txt
muhammad.zaini71@badak:~/OS172$ mx[Kv log.[K[K[K[K[K[K[Ktouch log01.txt
muhammad.zaini71@badak:~/OS172$ mv log01.txt week01
muhammad.zaini71@badak:~/OS172$ git add.[K .
muhammad.zaini71@badak:~/OS172$ git status
On branch master
Your branch is up-to-date with 'origin/master'.
Changes to be committed:
  (use "git reset HEAD <file>..." to unstage)

	[32mnew file:   log.txt[m
	[32mnew file:   week01/log01.txt[m

muhammad.zaini71@badak:~/OS172$ go[Kit cp[Kommit -m "buat log"
[master fe9fc25] buat log
 Committer: MUHAMMAD ZAINI DAHLAN A - 1706106841 <muhammad.zaini71@badak.cs.ui.ac.id>
Your name and email address were configured automatically based
on your username and hostname. Please check that they are accurate.
You can suppress this message by setting them explicitly. Run the
following command and follow the instructions in your editor to edit
your configuration file:

    git config --global --edit

After doing this, you may fix the identity used for this commit with:

    git commit --amend --reset-author

 2 files changed, 0 insertions(+), 0 deletions(-)
 create mode 100644 log.txt
 create mode 100644 week01/log01.txt
muhammad.zaini71@badak:~/OS172$ git pull
Already up-to-date.
muhammad.zaini71@badak:~/OS172$ git push
Username for 'https://github.com': muhammadzaini89
Password for 'https://muhammadzaini89@github.com': 
Counting objects: 3, done.
Delta compression using up to 8 threads.
Compressing objects:  33% (1/3)   
Compressing objects:  66% (2/3)   
Compressing objects: 100% (3/3)   
Compressing objects: 100% (3/3), done.
Writing objects:  33% (1/3)   
Writing objects:  66% (2/3)   
Writing objects: 100% (3/3)   
Writing objects: 100% (3/3), 398 bytes | 0 bytes/s, done.
Total 3 (delta 2), reused 0 (delta 0)
remote: Resolving deltas:   0% (0/2)   [K
remote: Resolving deltas:  50% (1/2)   [K
remote: Resolving deltas: 100% (2/2)   [K
remote: Resolving deltas: 100% (2/2), completed with 2 local objects.[K
To https://github.com/muhammadzaini89/OS172.git
   1447ed1..fe9fc25  master -> master
muhammad.zaini71@badak:~/OS172$ git pull
Already up-to-date.
muhammad.zaini71@badak:~/OS172$ cd week01
muhammad.zaini71@badak:~/OS172/week01$ mv log.txt log
mv: cannot stat 'log.txt': No such file or directory
muhammad.zaini71@badak:~/OS172/week01$ mv log.txt log[K[K[K[K[K[K[K[K[K[K[K[K[K[Kcd ..
muhammad.zaini71@badak:~/OS172$ touch loh[Kg0[5Pcd ..[K[Kweek01
muhammad.zaini71@badak:~/OS172/week01$ cd week01[4P..mv log.txt log[1@0[1@1
muhammad.zaini71@badak:~/OS172/week01$ cd..
-bash: cd..: command not found
muhammad.zaini71@badak:~/OS172/week01$ cd log
-bash: cd: log: Not a directory
muhammad.zaini71@badak:~/OS172/week01$ cd /[K..
muhammad.zaini71@badak:~/OS172$ cd log
muhammad.zaini71@badak:~/OS172/log$ a[Kls -al
total 8
drwxr-xr-x  2 muhammad.zaini71 StafCS 4096 Sep  5 16:50 .
drwxr-xr-x 18 muhammad.zaini71 StafCS 4096 Sep  5 17:00 ..
muhammad.zaini71@badak:~/OS172/log$ touch log01.txt
muhammad.zaini71@badak:~/OS172/log$ ls -al
total 8
drwxr-xr-x  2 muhammad.zaini71 StafCS 4096 Sep  5 17:03 .
drwxr-xr-x 18 muhammad.zaini71 StafCS 4096 Sep  5 17:00 ..
-rw-r--r--  1 muhammad.zaini71 StafCS    0 Sep  5 17:03 log01.txt
muhammad.zaini71@badak:~/OS172/log$ git add .
muhammad.zaini71@badak:~/OS172/log$ git status
On branch master
Your branch is up-to-date with 'origin/master'.
Changes to be committed:
  (use "git reset HEAD <file>..." to unstage)

	[32mnew file:   log01.txt[m

Changes not staged for commit:
  (use "git add/rm <file>..." to update what will be committed)
  (use "git checkout -- <file>..." to discard changes in working directory)

	[31mdeleted:    ../week01/log01.txt[m

Untracked files:
  (use "git add <file>..." to include in what will be committed)

	[31m../week01/log[m

muhammad.zaini71@badak:~/OS172/log$ git commit -,[Km "buat log"
[master 2406cad] buat log
 Committer: MUHAMMAD ZAINI DAHLAN A - 1706106841 <muhammad.zaini71@badak.cs.ui.ac.id>
Your name and email address were configured automatically based
on your username and hostname. Please check that they are accurate.
You can suppress this message by setting them explicitly. Run the
following command and follow the instructions in your editor to edit
your configuration file:

    git config --global --edit

After doing this, you may fix the identity used for this commit with:

    git commit --amend --reset-author

 1 file changed, 0 insertions(+), 0 deletions(-)
 create mode 100644 log/log01.txt
muhammad.zaini71@badak:~/OS172/log$ git pull
Already up-to-date.
muhammad.zaini71@badak:~/OS172/log$ git push
Username for 'https://github.com': muhammadzaini89
Password for 'https://muhammadzaini89@github.com': 
Counting objects: 3, done.
Delta compression using up to 8 threads.
Compressing objects:  50% (1/2)   
Compressing objects: 100% (2/2)   
Compressing objects: 100% (2/2), done.
Writing objects:  33% (1/3)   
Writing objects:  66% (2/3)   
Writing objects: 100% (3/3)   
Writing objects: 100% (3/3), 335 bytes | 0 bytes/s, done.
Total 3 (delta 1), reused 0 (delta 0)
remote: Resolving deltas:   0% (0/1)   [K
remote: Resolving deltas: 100% (1/1)   [K
remote: Resolving deltas: 100% (1/1), completed with 1 local object.[K
To https://github.com/muhammadzaini89/OS172.git
   fe9fc25..2406cad  master -> master
muhammad.zaini71@badak:~/OS172/log$ git pull
Already up-to-date.
muhammad.zaini71@badak:~/OS172/log$ 
